// Jest Snapshot v1, https://jestjs.io/docs/snapshot-testing

exports[`DiscogsModal falls back to basicInformation.resourceUrl when resource.uri is not available 1`] = `null`;

exports[`DiscogsModal formats formats with quantity and text 1`] = `null`;

exports[`DiscogsModal formats labels with catalog numbers 1`] = `null`;

exports[`DiscogsModal handles release with empty arrays 1`] = `null`;

exports[`DiscogsModal handles release with missing artists 1`] = `null`;

exports[`DiscogsModal handles release with missing basicInformation 1`] = `null`;

exports[`DiscogsModal handles release with missing cover image 1`] = `null`;

exports[`DiscogsModal handles release with missing resourceUrl 1`] = `null`;

exports[`DiscogsModal handles release with missing title 1`] = `null`;

exports[`DiscogsModal handles release with multiple artists 1`] = `null`;

exports[`DiscogsModal handles release with null arrays 1`] = `null`;

exports[`DiscogsModal handles release with undefined arrays 1`] = `null`;

exports[`DiscogsModal renders modal with complete release data 1`] = `null`;

exports[`DiscogsModal renders modal with minimal release data 1`] = `null`;

exports[`DiscogsModal uses coverImage when cdnCoverUrl is not available 1`] = `null`;

exports[`DiscogsModal uses resource.uri for external link when available 1`] = `null`;
