// Jest Snapshot v1, https://jestjs.io/docs/snapshot-testing

exports[`DiscogsModal falls back to basicInformation.resourceUrl when resource.uri is not available 1`] = `
<div
  aria-labelledby="modal-title"
  aria-modal="true"
  className="css-1f85zto"
  role="dialog"
>
  <button
    aria-label="Close modal"
    className="css-ugcw57"
    onClick={[MockFunction]}
  />
  <div
    className="css-16e73id"
    onClick={[Function]}
    tabIndex={-1}
  >
    <button
      aria-label="Close modal"
      className="css-1eakr7c"
      onClick={[MockFunction]}
    >
      <svg
        aria-hidden="true"
        className="svg-inline--fa fa-xmark"
        data-icon="xmark"
        data-prefix="fas"
        role="img"
        viewBox="0 0 384 512"
      >
        <path
          d="M55.1 73.4c-12.5-12.5-32.8-12.5-45.3 0s-12.5 32.8 0 45.3L147.2 256 9.9 393.4c-12.5 12.5-12.5 32.8 0 45.3s32.8 12.5 45.3 0L192.5 301.3 329.9 438.6c12.5 12.5 32.8 12.5 45.3 0s12.5-32.8 0-45.3L237.8 256 375.1 118.6c12.5-12.5 12.5-32.8 0-45.3s-32.8-12.5-45.3 0L192.5 210.7 55.1 73.4z"
          fill="currentColor"
        />
      </svg>
    </button>
    <div
      className="css-1x44wr8"
    >
      <div
        className="css-16ilj6a"
      >
        <h2
          className="css-aw4tjo"
          id="modal-title"
        >
          Test Album
        </h2>
        <p
          className="css-1frxl4t"
        >
          Test Artist
        </p>
        <p
          className="css-y0ziuu"
        >
          2023
        </p>
      </div>
      <div
        className="css-73r8mm"
      >
        <div
          className="css-32g3ao"
        >
          <img
            alt="Test Album album cover"
            className="css-1qght08"
            src="https://example.com/cover.jpg"
          />
        </div>
        <div
          className="css-zqnl66"
        >
          <div>
            <h4
              className="css-1vvxkz4"
            >
              Genres
            </h4>
            <p
              className="css-16r4ony"
            >
              Rock, Alternative
            </p>
          </div>
          <div>
            <h4
              className="css-1vvxkz4"
            >
              Styles
            </h4>
            <p
              className="css-16r4ony"
            >
              Indie Rock, Alternative Rock
            </p>
          </div>
        </div>
      </div>
      <div
        className="css-13u82un"
      >
        <h3
          className="css-1pfzqjk"
        >
          Tracklist
        </h3>
        <div
          className="css-1lfltae"
        >
          <div
            className="css-17acj12"
          >
            <div>
              Position
            </div>
            <div>
              Title
            </div>
            <div>
              Duration
            </div>
          </div>
          <div
            className="css-ofyc7f"
          >
            <div
              className="css-uz5es8"
            >
              A1
            </div>
            <div
              className="css-odppt"
            >
              Pardon Me Sir
            </div>
            <div
              className="css-1ozry76"
            >
              3:37
            </div>
          </div>
          <div
            className="css-ofyc7f"
          >
            <div
              className="css-uz5es8"
            >
              A2
            </div>
            <div
              className="css-odppt"
            >
              High Time We Went
            </div>
            <div
              className="css-1ozry76"
            >
              4:25
            </div>
          </div>
          <div
            className="css-ofyc7f"
          >
            <div
              className="css-uz5es8"
            >
              B1
            </div>
            <div
              className="css-odppt"
            >
              Midnight Rider
            </div>
            <div
              className="css-1ozry76"
            >
              4:00
            </div>
          </div>
          <div
            className="css-kcs0kp"
          >
            <div
              className="css-uz5es8"
            >
              B2
            </div>
            <div
              className="css-odppt"
            >
              Do Right Woman
            </div>
            <div
              className="css-1ozry76"
            >
              7:00
            </div>
          </div>
        </div>
      </div>
      <div
        className="css-1y1q5jg"
      >
        <button
          className="css-1faxcgi"
          onClick={[MockFunction]}
        >
          Close
        </button>
        <a
          className="css-1o8r63u"
          href="https://discogs.com/release/12345"
          rel="noopener noreferrer"
          target="_blank"
        >
          <svg
            aria-hidden="true"
            className="svg-inline--fa fa-up-right-from-square"
            data-icon="up-right-from-square"
            data-prefix="fas"
            role="img"
            viewBox="0 0 512 512"
          >
            <path
              d="M290.4 19.8C295.4 7.8 307.1 0 320 0L480 0c17.7 0 32 14.3 32 32l0 160c0 12.9-7.8 24.6-19.8 29.6s-25.7 2.2-34.9-6.9L400 157.3 246.6 310.6c-12.5 12.5-32.8 12.5-45.3 0s-12.5-32.8 0-45.3L354.7 112 297.4 54.6c-9.2-9.2-11.9-22.9-6.9-34.9zM0 176c0-44.2 35.8-80 80-80l80 0c17.7 0 32 14.3 32 32s-14.3 32-32 32l-80 0c-8.8 0-16 7.2-16 16l0 256c0 8.8 7.2 16 16 16l256 0c8.8 0 16-7.2 16-16l0-80c0-17.7 14.3-32 32-32s32 14.3 32 32l0 80c0 44.2-35.8 80-80 80L80 512c-44.2 0-80-35.8-80-80L0 176z"
              fill="currentColor"
            />
          </svg>
          View on Discogs
        </a>
      </div>
    </div>
  </div>
</div>
`;

exports[`DiscogsModal formats formats with quantity and text 1`] = `
<div
  aria-labelledby="modal-title"
  aria-modal="true"
  className="css-1f85zto"
  role="dialog"
>
  <button
    aria-label="Close modal"
    className="css-ugcw57"
    onClick={[MockFunction]}
  />
  <div
    className="css-16e73id"
    onClick={[Function]}
    tabIndex={-1}
  >
    <button
      aria-label="Close modal"
      className="css-1eakr7c"
      onClick={[MockFunction]}
    >
      <svg
        aria-hidden="true"
        className="svg-inline--fa fa-xmark"
        data-icon="xmark"
        data-prefix="fas"
        role="img"
        viewBox="0 0 384 512"
      >
        <path
          d="M55.1 73.4c-12.5-12.5-32.8-12.5-45.3 0s-12.5 32.8 0 45.3L147.2 256 9.9 393.4c-12.5 12.5-12.5 32.8 0 45.3s32.8 12.5 45.3 0L192.5 301.3 329.9 438.6c12.5 12.5 32.8 12.5 45.3 0s12.5-32.8 0-45.3L237.8 256 375.1 118.6c12.5-12.5 12.5-32.8 0-45.3s-32.8-12.5-45.3 0L192.5 210.7 55.1 73.4z"
          fill="currentColor"
        />
      </svg>
    </button>
    <div
      className="css-1x44wr8"
    >
      <div
        className="css-16ilj6a"
      >
        <h2
          className="css-aw4tjo"
          id="modal-title"
        >
          Format Test Album
        </h2>
        <p
          className="css-1frxl4t"
        >
          Format Test Artist
        </p>
        <p
          className="css-y0ziuu"
        >
          2023
        </p>
      </div>
      <div
        className="css-73r8mm"
      >
        <div
          className="css-32g3ao"
        >
          <div
            className="css-w2j0pp"
          >
            No Image Available
          </div>
        </div>
        <div
          className="css-zqnl66"
        />
      </div>
      <div
        className="css-1y1q5jg"
      >
        <button
          className="css-1faxcgi"
          onClick={[MockFunction]}
        >
          Close
        </button>
      </div>
    </div>
  </div>
</div>
`;

exports[`DiscogsModal formats labels with catalog numbers 1`] = `
<div
  aria-labelledby="modal-title"
  aria-modal="true"
  className="css-1f85zto"
  role="dialog"
>
  <button
    aria-label="Close modal"
    className="css-ugcw57"
    onClick={[MockFunction]}
  />
  <div
    className="css-16e73id"
    onClick={[Function]}
    tabIndex={-1}
  >
    <button
      aria-label="Close modal"
      className="css-1eakr7c"
      onClick={[MockFunction]}
    >
      <svg
        aria-hidden="true"
        className="svg-inline--fa fa-xmark"
        data-icon="xmark"
        data-prefix="fas"
        role="img"
        viewBox="0 0 384 512"
      >
        <path
          d="M55.1 73.4c-12.5-12.5-32.8-12.5-45.3 0s-12.5 32.8 0 45.3L147.2 256 9.9 393.4c-12.5 12.5-12.5 32.8 0 45.3s32.8 12.5 45.3 0L192.5 301.3 329.9 438.6c12.5 12.5 32.8 12.5 45.3 0s12.5-32.8 0-45.3L237.8 256 375.1 118.6c12.5-12.5 12.5-32.8 0-45.3s-32.8-12.5-45.3 0L192.5 210.7 55.1 73.4z"
          fill="currentColor"
        />
      </svg>
    </button>
    <div
      className="css-1x44wr8"
    >
      <div
        className="css-16ilj6a"
      >
        <h2
          className="css-aw4tjo"
          id="modal-title"
        >
          Label Test Album
        </h2>
        <p
          className="css-1frxl4t"
        >
          Label Test Artist
        </p>
        <p
          className="css-y0ziuu"
        >
          2023
        </p>
      </div>
      <div
        className="css-73r8mm"
      >
        <div
          className="css-32g3ao"
        >
          <div
            className="css-w2j0pp"
          >
            No Image Available
          </div>
        </div>
        <div
          className="css-zqnl66"
        />
      </div>
      <div
        className="css-1y1q5jg"
      >
        <button
          className="css-1faxcgi"
          onClick={[MockFunction]}
        >
          Close
        </button>
      </div>
    </div>
  </div>
</div>
`;

exports[`DiscogsModal handles release with empty arrays 1`] = `
<div
  aria-labelledby="modal-title"
  aria-modal="true"
  className="css-1f85zto"
  role="dialog"
>
  <button
    aria-label="Close modal"
    className="css-ugcw57"
    onClick={[MockFunction]}
  />
  <div
    className="css-16e73id"
    onClick={[Function]}
    tabIndex={-1}
  >
    <button
      aria-label="Close modal"
      className="css-1eakr7c"
      onClick={[MockFunction]}
    >
      <svg
        aria-hidden="true"
        className="svg-inline--fa fa-xmark"
        data-icon="xmark"
        data-prefix="fas"
        role="img"
        viewBox="0 0 384 512"
      >
        <path
          d="M55.1 73.4c-12.5-12.5-32.8-12.5-45.3 0s-12.5 32.8 0 45.3L147.2 256 9.9 393.4c-12.5 12.5-12.5 32.8 0 45.3s32.8 12.5 45.3 0L192.5 301.3 329.9 438.6c12.5 12.5 32.8 12.5 45.3 0s12.5-32.8 0-45.3L237.8 256 375.1 118.6c12.5-12.5 12.5-32.8 0-45.3s-32.8-12.5-45.3 0L192.5 210.7 55.1 73.4z"
          fill="currentColor"
        />
      </svg>
    </button>
    <div
      className="css-1x44wr8"
    >
      <div
        className="css-16ilj6a"
      >
        <h2
          className="css-aw4tjo"
          id="modal-title"
        >
          Empty Arrays Album
        </h2>
        <p
          className="css-1frxl4t"
        >
          Unknown Artist
        </p>
        <p
          className="css-y0ziuu"
        >
          2023
        </p>
      </div>
      <div
        className="css-73r8mm"
      >
        <div
          className="css-32g3ao"
        >
          <div
            className="css-w2j0pp"
          >
            No Image Available
          </div>
        </div>
        <div
          className="css-zqnl66"
        />
      </div>
      <div
        className="css-1y1q5jg"
      >
        <button
          className="css-1faxcgi"
          onClick={[MockFunction]}
        >
          Close
        </button>
        <a
          className="css-1o8r63u"
          href="https://www.discogs.com/release/88888-Empty-Arrays-Album"
          rel="noopener noreferrer"
          target="_blank"
        >
          <svg
            aria-hidden="true"
            className="svg-inline--fa fa-up-right-from-square"
            data-icon="up-right-from-square"
            data-prefix="fas"
            role="img"
            viewBox="0 0 512 512"
          >
            <path
              d="M290.4 19.8C295.4 7.8 307.1 0 320 0L480 0c17.7 0 32 14.3 32 32l0 160c0 12.9-7.8 24.6-19.8 29.6s-25.7 2.2-34.9-6.9L400 157.3 246.6 310.6c-12.5 12.5-32.8 12.5-45.3 0s-12.5-32.8 0-45.3L354.7 112 297.4 54.6c-9.2-9.2-11.9-22.9-6.9-34.9zM0 176c0-44.2 35.8-80 80-80l80 0c17.7 0 32 14.3 32 32s-14.3 32-32 32l-80 0c-8.8 0-16 7.2-16 16l0 256c0 8.8 7.2 16 16 16l256 0c8.8 0 16-7.2 16-16l0-80c0-17.7 14.3-32 32-32s32 14.3 32 32l0 80c0 44.2-35.8 80-80 80L80 512c-44.2 0-80-35.8-80-80L0 176z"
              fill="currentColor"
            />
          </svg>
          View on Discogs
        </a>
      </div>
    </div>
  </div>
</div>
`;

exports[`DiscogsModal handles release with missing artists 1`] = `
<div
  aria-labelledby="modal-title"
  aria-modal="true"
  className="css-1f85zto"
  role="dialog"
>
  <button
    aria-label="Close modal"
    className="css-ugcw57"
    onClick={[MockFunction]}
  />
  <div
    className="css-16e73id"
    onClick={[Function]}
    tabIndex={-1}
  >
    <button
      aria-label="Close modal"
      className="css-1eakr7c"
      onClick={[MockFunction]}
    >
      <svg
        aria-hidden="true"
        className="svg-inline--fa fa-xmark"
        data-icon="xmark"
        data-prefix="fas"
        role="img"
        viewBox="0 0 384 512"
      >
        <path
          d="M55.1 73.4c-12.5-12.5-32.8-12.5-45.3 0s-12.5 32.8 0 45.3L147.2 256 9.9 393.4c-12.5 12.5-12.5 32.8 0 45.3s32.8 12.5 45.3 0L192.5 301.3 329.9 438.6c12.5 12.5 32.8 12.5 45.3 0s12.5-32.8 0-45.3L237.8 256 375.1 118.6c12.5-12.5 12.5-32.8 0-45.3s-32.8-12.5-45.3 0L192.5 210.7 55.1 73.4z"
          fill="currentColor"
        />
      </svg>
    </button>
    <div
      className="css-1x44wr8"
    >
      <div
        className="css-16ilj6a"
      >
        <h2
          className="css-aw4tjo"
          id="modal-title"
        >
          Test Album
        </h2>
        <p
          className="css-1frxl4t"
        >
          Unknown Artist
        </p>
        <p
          className="css-y0ziuu"
        >
          2023
        </p>
      </div>
      <div
        className="css-73r8mm"
      >
        <div
          className="css-32g3ao"
        >
          <img
            alt="Test Album album cover"
            className="css-1qght08"
            src="https://example.com/cover.jpg"
          />
        </div>
        <div
          className="css-zqnl66"
        >
          <div>
            <h4
              className="css-1vvxkz4"
            >
              Genres
            </h4>
            <p
              className="css-16r4ony"
            >
              Rock, Alternative
            </p>
          </div>
          <div>
            <h4
              className="css-1vvxkz4"
            >
              Styles
            </h4>
            <p
              className="css-16r4ony"
            >
              Indie Rock, Alternative Rock
            </p>
          </div>
        </div>
      </div>
      <div
        className="css-13u82un"
      >
        <h3
          className="css-1pfzqjk"
        >
          Tracklist
        </h3>
        <div
          className="css-1lfltae"
        >
          <div
            className="css-17acj12"
          >
            <div>
              Position
            </div>
            <div>
              Title
            </div>
            <div>
              Duration
            </div>
          </div>
          <div
            className="css-ofyc7f"
          >
            <div
              className="css-uz5es8"
            >
              A1
            </div>
            <div
              className="css-odppt"
            >
              Pardon Me Sir
            </div>
            <div
              className="css-1ozry76"
            >
              3:37
            </div>
          </div>
          <div
            className="css-ofyc7f"
          >
            <div
              className="css-uz5es8"
            >
              A2
            </div>
            <div
              className="css-odppt"
            >
              High Time We Went
            </div>
            <div
              className="css-1ozry76"
            >
              4:25
            </div>
          </div>
          <div
            className="css-ofyc7f"
          >
            <div
              className="css-uz5es8"
            >
              B1
            </div>
            <div
              className="css-odppt"
            >
              Midnight Rider
            </div>
            <div
              className="css-1ozry76"
            >
              4:00
            </div>
          </div>
          <div
            className="css-kcs0kp"
          >
            <div
              className="css-uz5es8"
            >
              B2
            </div>
            <div
              className="css-odppt"
            >
              Do Right Woman
            </div>
            <div
              className="css-1ozry76"
            >
              7:00
            </div>
          </div>
        </div>
      </div>
      <div
        className="css-1y1q5jg"
      >
        <button
          className="css-1faxcgi"
          onClick={[MockFunction]}
        >
          Close
        </button>
        <a
          className="css-1o8r63u"
          href="https://www.discogs.com/release/12345-Test-Artist-Test-Album"
          rel="noopener noreferrer"
          target="_blank"
        >
          <svg
            aria-hidden="true"
            className="svg-inline--fa fa-up-right-from-square"
            data-icon="up-right-from-square"
            data-prefix="fas"
            role="img"
            viewBox="0 0 512 512"
          >
            <path
              d="M290.4 19.8C295.4 7.8 307.1 0 320 0L480 0c17.7 0 32 14.3 32 32l0 160c0 12.9-7.8 24.6-19.8 29.6s-25.7 2.2-34.9-6.9L400 157.3 246.6 310.6c-12.5 12.5-32.8 12.5-45.3 0s-12.5-32.8 0-45.3L354.7 112 297.4 54.6c-9.2-9.2-11.9-22.9-6.9-34.9zM0 176c0-44.2 35.8-80 80-80l80 0c17.7 0 32 14.3 32 32s-14.3 32-32 32l-80 0c-8.8 0-16 7.2-16 16l0 256c0 8.8 7.2 16 16 16l256 0c8.8 0 16-7.2 16-16l0-80c0-17.7 14.3-32 32-32s32 14.3 32 32l0 80c0 44.2-35.8 80-80 80L80 512c-44.2 0-80-35.8-80-80L0 176z"
              fill="currentColor"
            />
          </svg>
          View on Discogs
        </a>
      </div>
    </div>
  </div>
</div>
`;

exports[`DiscogsModal handles release with missing basicInformation 1`] = `
<div
  aria-labelledby="modal-title"
  aria-modal="true"
  className="css-1f85zto"
  role="dialog"
>
  <button
    aria-label="Close modal"
    className="css-ugcw57"
    onClick={[MockFunction]}
  />
  <div
    className="css-16e73id"
    onClick={[Function]}
    tabIndex={-1}
  >
    <button
      aria-label="Close modal"
      className="css-1eakr7c"
      onClick={[MockFunction]}
    >
      <svg
        aria-hidden="true"
        className="svg-inline--fa fa-xmark"
        data-icon="xmark"
        data-prefix="fas"
        role="img"
        viewBox="0 0 384 512"
      >
        <path
          d="M55.1 73.4c-12.5-12.5-32.8-12.5-45.3 0s-12.5 32.8 0 45.3L147.2 256 9.9 393.4c-12.5 12.5-12.5 32.8 0 45.3s32.8 12.5 45.3 0L192.5 301.3 329.9 438.6c12.5 12.5 32.8 12.5 45.3 0s12.5-32.8 0-45.3L237.8 256 375.1 118.6c12.5-12.5 12.5-32.8 0-45.3s-32.8-12.5-45.3 0L192.5 210.7 55.1 73.4z"
          fill="currentColor"
        />
      </svg>
    </button>
    <div
      className="css-1x44wr8"
    >
      <div
        className="css-16ilj6a"
      >
        <h2
          className="css-aw4tjo"
          id="modal-title"
        >
          Unknown Title
        </h2>
        <p
          className="css-1frxl4t"
        >
          Unknown Artist
        </p>
      </div>
      <div
        className="css-73r8mm"
      >
        <div
          className="css-32g3ao"
        >
          <div
            className="css-w2j0pp"
          >
            No Image Available
          </div>
        </div>
        <div
          className="css-zqnl66"
        />
      </div>
      <div
        className="css-1y1q5jg"
      >
        <button
          className="css-1faxcgi"
          onClick={[MockFunction]}
        >
          Close
        </button>
      </div>
    </div>
  </div>
</div>
`;

exports[`DiscogsModal handles release with missing cover image 1`] = `
<div
  aria-labelledby="modal-title"
  aria-modal="true"
  className="css-1f85zto"
  role="dialog"
>
  <button
    aria-label="Close modal"
    className="css-ugcw57"
    onClick={[MockFunction]}
  />
  <div
    className="css-16e73id"
    onClick={[Function]}
    tabIndex={-1}
  >
    <button
      aria-label="Close modal"
      className="css-1eakr7c"
      onClick={[MockFunction]}
    >
      <svg
        aria-hidden="true"
        className="svg-inline--fa fa-xmark"
        data-icon="xmark"
        data-prefix="fas"
        role="img"
        viewBox="0 0 384 512"
      >
        <path
          d="M55.1 73.4c-12.5-12.5-32.8-12.5-45.3 0s-12.5 32.8 0 45.3L147.2 256 9.9 393.4c-12.5 12.5-12.5 32.8 0 45.3s32.8 12.5 45.3 0L192.5 301.3 329.9 438.6c12.5 12.5 32.8 12.5 45.3 0s12.5-32.8 0-45.3L237.8 256 375.1 118.6c12.5-12.5 12.5-32.8 0-45.3s-32.8-12.5-45.3 0L192.5 210.7 55.1 73.4z"
          fill="currentColor"
        />
      </svg>
    </button>
    <div
      className="css-1x44wr8"
    >
      <div
        className="css-16ilj6a"
      >
        <h2
          className="css-aw4tjo"
          id="modal-title"
        >
          Test Album
        </h2>
        <p
          className="css-1frxl4t"
        >
          Test Artist
        </p>
        <p
          className="css-y0ziuu"
        >
          2023
        </p>
      </div>
      <div
        className="css-73r8mm"
      >
        <div
          className="css-32g3ao"
        >
          <div
            className="css-w2j0pp"
          >
            No Image Available
          </div>
        </div>
        <div
          className="css-zqnl66"
        >
          <div>
            <h4
              className="css-1vvxkz4"
            >
              Genres
            </h4>
            <p
              className="css-16r4ony"
            >
              Rock, Alternative
            </p>
          </div>
          <div>
            <h4
              className="css-1vvxkz4"
            >
              Styles
            </h4>
            <p
              className="css-16r4ony"
            >
              Indie Rock, Alternative Rock
            </p>
          </div>
        </div>
      </div>
      <div
        className="css-13u82un"
      >
        <h3
          className="css-1pfzqjk"
        >
          Tracklist
        </h3>
        <div
          className="css-1lfltae"
        >
          <div
            className="css-17acj12"
          >
            <div>
              Position
            </div>
            <div>
              Title
            </div>
            <div>
              Duration
            </div>
          </div>
          <div
            className="css-ofyc7f"
          >
            <div
              className="css-uz5es8"
            >
              A1
            </div>
            <div
              className="css-odppt"
            >
              Pardon Me Sir
            </div>
            <div
              className="css-1ozry76"
            >
              3:37
            </div>
          </div>
          <div
            className="css-ofyc7f"
          >
            <div
              className="css-uz5es8"
            >
              A2
            </div>
            <div
              className="css-odppt"
            >
              High Time We Went
            </div>
            <div
              className="css-1ozry76"
            >
              4:25
            </div>
          </div>
          <div
            className="css-ofyc7f"
          >
            <div
              className="css-uz5es8"
            >
              B1
            </div>
            <div
              className="css-odppt"
            >
              Midnight Rider
            </div>
            <div
              className="css-1ozry76"
            >
              4:00
            </div>
          </div>
          <div
            className="css-kcs0kp"
          >
            <div
              className="css-uz5es8"
            >
              B2
            </div>
            <div
              className="css-odppt"
            >
              Do Right Woman
            </div>
            <div
              className="css-1ozry76"
            >
              7:00
            </div>
          </div>
        </div>
      </div>
      <div
        className="css-1y1q5jg"
      >
        <button
          className="css-1faxcgi"
          onClick={[MockFunction]}
        >
          Close
        </button>
        <a
          className="css-1o8r63u"
          href="https://www.discogs.com/release/12345-Test-Artist-Test-Album"
          rel="noopener noreferrer"
          target="_blank"
        >
          <svg
            aria-hidden="true"
            className="svg-inline--fa fa-up-right-from-square"
            data-icon="up-right-from-square"
            data-prefix="fas"
            role="img"
            viewBox="0 0 512 512"
          >
            <path
              d="M290.4 19.8C295.4 7.8 307.1 0 320 0L480 0c17.7 0 32 14.3 32 32l0 160c0 12.9-7.8 24.6-19.8 29.6s-25.7 2.2-34.9-6.9L400 157.3 246.6 310.6c-12.5 12.5-32.8 12.5-45.3 0s-12.5-32.8 0-45.3L354.7 112 297.4 54.6c-9.2-9.2-11.9-22.9-6.9-34.9zM0 176c0-44.2 35.8-80 80-80l80 0c17.7 0 32 14.3 32 32s-14.3 32-32 32l-80 0c-8.8 0-16 7.2-16 16l0 256c0 8.8 7.2 16 16 16l256 0c8.8 0 16-7.2 16-16l0-80c0-17.7 14.3-32 32-32s32 14.3 32 32l0 80c0 44.2-35.8 80-80 80L80 512c-44.2 0-80-35.8-80-80L0 176z"
              fill="currentColor"
            />
          </svg>
          View on Discogs
        </a>
      </div>
    </div>
  </div>
</div>
`;

exports[`DiscogsModal handles release with missing resourceUrl 1`] = `
<div
  aria-labelledby="modal-title"
  aria-modal="true"
  className="css-1f85zto"
  role="dialog"
>
  <button
    aria-label="Close modal"
    className="css-ugcw57"
    onClick={[MockFunction]}
  />
  <div
    className="css-16e73id"
    onClick={[Function]}
    tabIndex={-1}
  >
    <button
      aria-label="Close modal"
      className="css-1eakr7c"
      onClick={[MockFunction]}
    >
      <svg
        aria-hidden="true"
        className="svg-inline--fa fa-xmark"
        data-icon="xmark"
        data-prefix="fas"
        role="img"
        viewBox="0 0 384 512"
      >
        <path
          d="M55.1 73.4c-12.5-12.5-32.8-12.5-45.3 0s-12.5 32.8 0 45.3L147.2 256 9.9 393.4c-12.5 12.5-12.5 32.8 0 45.3s32.8 12.5 45.3 0L192.5 301.3 329.9 438.6c12.5 12.5 32.8 12.5 45.3 0s12.5-32.8 0-45.3L237.8 256 375.1 118.6c12.5-12.5 12.5-32.8 0-45.3s-32.8-12.5-45.3 0L192.5 210.7 55.1 73.4z"
          fill="currentColor"
        />
      </svg>
    </button>
    <div
      className="css-1x44wr8"
    >
      <div
        className="css-16ilj6a"
      >
        <h2
          className="css-aw4tjo"
          id="modal-title"
        >
          Test Album
        </h2>
        <p
          className="css-1frxl4t"
        >
          Test Artist
        </p>
        <p
          className="css-y0ziuu"
        >
          2023
        </p>
      </div>
      <div
        className="css-73r8mm"
      >
        <div
          className="css-32g3ao"
        >
          <img
            alt="Test Album album cover"
            className="css-1qght08"
            src="https://example.com/cover.jpg"
          />
        </div>
        <div
          className="css-zqnl66"
        >
          <div>
            <h4
              className="css-1vvxkz4"
            >
              Genres
            </h4>
            <p
              className="css-16r4ony"
            >
              Rock, Alternative
            </p>
          </div>
          <div>
            <h4
              className="css-1vvxkz4"
            >
              Styles
            </h4>
            <p
              className="css-16r4ony"
            >
              Indie Rock, Alternative Rock
            </p>
          </div>
        </div>
      </div>
      <div
        className="css-13u82un"
      >
        <h3
          className="css-1pfzqjk"
        >
          Tracklist
        </h3>
        <div
          className="css-1lfltae"
        >
          <div
            className="css-17acj12"
          >
            <div>
              Position
            </div>
            <div>
              Title
            </div>
            <div>
              Duration
            </div>
          </div>
          <div
            className="css-ofyc7f"
          >
            <div
              className="css-uz5es8"
            >
              A1
            </div>
            <div
              className="css-odppt"
            >
              Pardon Me Sir
            </div>
            <div
              className="css-1ozry76"
            >
              3:37
            </div>
          </div>
          <div
            className="css-ofyc7f"
          >
            <div
              className="css-uz5es8"
            >
              A2
            </div>
            <div
              className="css-odppt"
            >
              High Time We Went
            </div>
            <div
              className="css-1ozry76"
            >
              4:25
            </div>
          </div>
          <div
            className="css-ofyc7f"
          >
            <div
              className="css-uz5es8"
            >
              B1
            </div>
            <div
              className="css-odppt"
            >
              Midnight Rider
            </div>
            <div
              className="css-1ozry76"
            >
              4:00
            </div>
          </div>
          <div
            className="css-kcs0kp"
          >
            <div
              className="css-uz5es8"
            >
              B2
            </div>
            <div
              className="css-odppt"
            >
              Do Right Woman
            </div>
            <div
              className="css-1ozry76"
            >
              7:00
            </div>
          </div>
        </div>
      </div>
      <div
        className="css-1y1q5jg"
      >
        <button
          className="css-1faxcgi"
          onClick={[MockFunction]}
        >
          Close
        </button>
      </div>
    </div>
  </div>
</div>
`;

exports[`DiscogsModal handles release with missing title 1`] = `
<div
  aria-labelledby="modal-title"
  aria-modal="true"
  className="css-1f85zto"
  role="dialog"
>
  <button
    aria-label="Close modal"
    className="css-ugcw57"
    onClick={[MockFunction]}
  />
  <div
    className="css-16e73id"
    onClick={[Function]}
    tabIndex={-1}
  >
    <button
      aria-label="Close modal"
      className="css-1eakr7c"
      onClick={[MockFunction]}
    >
      <svg
        aria-hidden="true"
        className="svg-inline--fa fa-xmark"
        data-icon="xmark"
        data-prefix="fas"
        role="img"
        viewBox="0 0 384 512"
      >
        <path
          d="M55.1 73.4c-12.5-12.5-32.8-12.5-45.3 0s-12.5 32.8 0 45.3L147.2 256 9.9 393.4c-12.5 12.5-12.5 32.8 0 45.3s32.8 12.5 45.3 0L192.5 301.3 329.9 438.6c12.5 12.5 32.8 12.5 45.3 0s12.5-32.8 0-45.3L237.8 256 375.1 118.6c12.5-12.5 12.5-32.8 0-45.3s-32.8-12.5-45.3 0L192.5 210.7 55.1 73.4z"
          fill="currentColor"
        />
      </svg>
    </button>
    <div
      className="css-1x44wr8"
    >
      <div
        className="css-16ilj6a"
      >
        <h2
          className="css-aw4tjo"
          id="modal-title"
        >
          Unknown Title
        </h2>
        <p
          className="css-1frxl4t"
        >
          Test Artist
        </p>
        <p
          className="css-y0ziuu"
        >
          2023
        </p>
      </div>
      <div
        className="css-73r8mm"
      >
        <div
          className="css-32g3ao"
        >
          <img
            alt="null album cover"
            className="css-1qght08"
            src="https://example.com/cover.jpg"
          />
        </div>
        <div
          className="css-zqnl66"
        >
          <div>
            <h4
              className="css-1vvxkz4"
            >
              Genres
            </h4>
            <p
              className="css-16r4ony"
            >
              Rock, Alternative
            </p>
          </div>
          <div>
            <h4
              className="css-1vvxkz4"
            >
              Styles
            </h4>
            <p
              className="css-16r4ony"
            >
              Indie Rock, Alternative Rock
            </p>
          </div>
        </div>
      </div>
      <div
        className="css-13u82un"
      >
        <h3
          className="css-1pfzqjk"
        >
          Tracklist
        </h3>
        <div
          className="css-1lfltae"
        >
          <div
            className="css-17acj12"
          >
            <div>
              Position
            </div>
            <div>
              Title
            </div>
            <div>
              Duration
            </div>
          </div>
          <div
            className="css-ofyc7f"
          >
            <div
              className="css-uz5es8"
            >
              A1
            </div>
            <div
              className="css-odppt"
            >
              Pardon Me Sir
            </div>
            <div
              className="css-1ozry76"
            >
              3:37
            </div>
          </div>
          <div
            className="css-ofyc7f"
          >
            <div
              className="css-uz5es8"
            >
              A2
            </div>
            <div
              className="css-odppt"
            >
              High Time We Went
            </div>
            <div
              className="css-1ozry76"
            >
              4:25
            </div>
          </div>
          <div
            className="css-ofyc7f"
          >
            <div
              className="css-uz5es8"
            >
              B1
            </div>
            <div
              className="css-odppt"
            >
              Midnight Rider
            </div>
            <div
              className="css-1ozry76"
            >
              4:00
            </div>
          </div>
          <div
            className="css-kcs0kp"
          >
            <div
              className="css-uz5es8"
            >
              B2
            </div>
            <div
              className="css-odppt"
            >
              Do Right Woman
            </div>
            <div
              className="css-1ozry76"
            >
              7:00
            </div>
          </div>
        </div>
      </div>
      <div
        className="css-1y1q5jg"
      >
        <button
          className="css-1faxcgi"
          onClick={[MockFunction]}
        >
          Close
        </button>
        <a
          className="css-1o8r63u"
          href="https://www.discogs.com/release/12345-Test-Artist-Test-Album"
          rel="noopener noreferrer"
          target="_blank"
        >
          <svg
            aria-hidden="true"
            className="svg-inline--fa fa-up-right-from-square"
            data-icon="up-right-from-square"
            data-prefix="fas"
            role="img"
            viewBox="0 0 512 512"
          >
            <path
              d="M290.4 19.8C295.4 7.8 307.1 0 320 0L480 0c17.7 0 32 14.3 32 32l0 160c0 12.9-7.8 24.6-19.8 29.6s-25.7 2.2-34.9-6.9L400 157.3 246.6 310.6c-12.5 12.5-32.8 12.5-45.3 0s-12.5-32.8 0-45.3L354.7 112 297.4 54.6c-9.2-9.2-11.9-22.9-6.9-34.9zM0 176c0-44.2 35.8-80 80-80l80 0c17.7 0 32 14.3 32 32s-14.3 32-32 32l-80 0c-8.8 0-16 7.2-16 16l0 256c0 8.8 7.2 16 16 16l256 0c8.8 0 16-7.2 16-16l0-80c0-17.7 14.3-32 32-32s32 14.3 32 32l0 80c0 44.2-35.8 80-80 80L80 512c-44.2 0-80-35.8-80-80L0 176z"
              fill="currentColor"
            />
          </svg>
          View on Discogs
        </a>
      </div>
    </div>
  </div>
</div>
`;

exports[`DiscogsModal handles release with multiple artists 1`] = `
<div
  aria-labelledby="modal-title"
  aria-modal="true"
  className="css-1f85zto"
  role="dialog"
>
  <button
    aria-label="Close modal"
    className="css-ugcw57"
    onClick={[MockFunction]}
  />
  <div
    className="css-16e73id"
    onClick={[Function]}
    tabIndex={-1}
  >
    <button
      aria-label="Close modal"
      className="css-1eakr7c"
      onClick={[MockFunction]}
    >
      <svg
        aria-hidden="true"
        className="svg-inline--fa fa-xmark"
        data-icon="xmark"
        data-prefix="fas"
        role="img"
        viewBox="0 0 384 512"
      >
        <path
          d="M55.1 73.4c-12.5-12.5-32.8-12.5-45.3 0s-12.5 32.8 0 45.3L147.2 256 9.9 393.4c-12.5 12.5-12.5 32.8 0 45.3s32.8 12.5 45.3 0L192.5 301.3 329.9 438.6c12.5 12.5 32.8 12.5 45.3 0s12.5-32.8 0-45.3L237.8 256 375.1 118.6c12.5-12.5 12.5-32.8 0-45.3s-32.8-12.5-45.3 0L192.5 210.7 55.1 73.4z"
          fill="currentColor"
        />
      </svg>
    </button>
    <div
      className="css-1x44wr8"
    >
      <div
        className="css-16ilj6a"
      >
        <h2
          className="css-aw4tjo"
          id="modal-title"
        >
          Collaboration Album
        </h2>
        <p
          className="css-1frxl4t"
        >
          Artist One, Artist Two, Artist Three
        </p>
        <p
          className="css-y0ziuu"
        >
          2024
        </p>
      </div>
      <div
        className="css-73r8mm"
      >
        <div
          className="css-32g3ao"
        >
          <div
            className="css-w2j0pp"
          >
            No Image Available
          </div>
        </div>
        <div
          className="css-zqnl66"
        >
          <div>
            <h4
              className="css-1vvxkz4"
            >
              Genres
            </h4>
            <p
              className="css-16r4ony"
            >
              Electronic, Ambient
            </p>
          </div>
          <div>
            <h4
              className="css-1vvxkz4"
            >
              Styles
            </h4>
            <p
              className="css-16r4ony"
            >
              Downtempo, Chillout
            </p>
          </div>
        </div>
      </div>
      <div
        className="css-1y1q5jg"
      >
        <button
          className="css-1faxcgi"
          onClick={[MockFunction]}
        >
          Close
        </button>
        <a
          className="css-1o8r63u"
          href="https://www.discogs.com/release/11111-Artist-One-Artist-Two-Artist-Three-Collaboration-Album"
          rel="noopener noreferrer"
          target="_blank"
        >
          <svg
            aria-hidden="true"
            className="svg-inline--fa fa-up-right-from-square"
            data-icon="up-right-from-square"
            data-prefix="fas"
            role="img"
            viewBox="0 0 512 512"
          >
            <path
              d="M290.4 19.8C295.4 7.8 307.1 0 320 0L480 0c17.7 0 32 14.3 32 32l0 160c0 12.9-7.8 24.6-19.8 29.6s-25.7 2.2-34.9-6.9L400 157.3 246.6 310.6c-12.5 12.5-32.8 12.5-45.3 0s-12.5-32.8 0-45.3L354.7 112 297.4 54.6c-9.2-9.2-11.9-22.9-6.9-34.9zM0 176c0-44.2 35.8-80 80-80l80 0c17.7 0 32 14.3 32 32s-14.3 32-32 32l-80 0c-8.8 0-16 7.2-16 16l0 256c0 8.8 7.2 16 16 16l256 0c8.8 0 16-7.2 16-16l0-80c0-17.7 14.3-32 32-32s32 14.3 32 32l0 80c0 44.2-35.8 80-80 80L80 512c-44.2 0-80-35.8-80-80L0 176z"
              fill="currentColor"
            />
          </svg>
          View on Discogs
        </a>
      </div>
    </div>
  </div>
</div>
`;

exports[`DiscogsModal handles release with null arrays 1`] = `
<div
  aria-labelledby="modal-title"
  aria-modal="true"
  className="css-1f85zto"
  role="dialog"
>
  <button
    aria-label="Close modal"
    className="css-ugcw57"
    onClick={[MockFunction]}
  />
  <div
    className="css-16e73id"
    onClick={[Function]}
    tabIndex={-1}
  >
    <button
      aria-label="Close modal"
      className="css-1eakr7c"
      onClick={[MockFunction]}
    >
      <svg
        aria-hidden="true"
        className="svg-inline--fa fa-xmark"
        data-icon="xmark"
        data-prefix="fas"
        role="img"
        viewBox="0 0 384 512"
      >
        <path
          d="M55.1 73.4c-12.5-12.5-32.8-12.5-45.3 0s-12.5 32.8 0 45.3L147.2 256 9.9 393.4c-12.5 12.5-12.5 32.8 0 45.3s32.8 12.5 45.3 0L192.5 301.3 329.9 438.6c12.5 12.5 32.8 12.5 45.3 0s12.5-32.8 0-45.3L237.8 256 375.1 118.6c12.5-12.5 12.5-32.8 0-45.3s-32.8-12.5-45.3 0L192.5 210.7 55.1 73.4z"
          fill="currentColor"
        />
      </svg>
    </button>
    <div
      className="css-1x44wr8"
    >
      <div
        className="css-16ilj6a"
      >
        <h2
          className="css-aw4tjo"
          id="modal-title"
        >
          Null Arrays Album
        </h2>
        <p
          className="css-1frxl4t"
        >
          Unknown Artist
        </p>
        <p
          className="css-y0ziuu"
        >
          2023
        </p>
      </div>
      <div
        className="css-73r8mm"
      >
        <div
          className="css-32g3ao"
        >
          <div
            className="css-w2j0pp"
          >
            No Image Available
          </div>
        </div>
        <div
          className="css-zqnl66"
        />
      </div>
      <div
        className="css-1y1q5jg"
      >
        <button
          className="css-1faxcgi"
          onClick={[MockFunction]}
        >
          Close
        </button>
        <a
          className="css-1o8r63u"
          href="https://www.discogs.com/release/77777-Null-Arrays-Album"
          rel="noopener noreferrer"
          target="_blank"
        >
          <svg
            aria-hidden="true"
            className="svg-inline--fa fa-up-right-from-square"
            data-icon="up-right-from-square"
            data-prefix="fas"
            role="img"
            viewBox="0 0 512 512"
          >
            <path
              d="M290.4 19.8C295.4 7.8 307.1 0 320 0L480 0c17.7 0 32 14.3 32 32l0 160c0 12.9-7.8 24.6-19.8 29.6s-25.7 2.2-34.9-6.9L400 157.3 246.6 310.6c-12.5 12.5-32.8 12.5-45.3 0s-12.5-32.8 0-45.3L354.7 112 297.4 54.6c-9.2-9.2-11.9-22.9-6.9-34.9zM0 176c0-44.2 35.8-80 80-80l80 0c17.7 0 32 14.3 32 32s-14.3 32-32 32l-80 0c-8.8 0-16 7.2-16 16l0 256c0 8.8 7.2 16 16 16l256 0c8.8 0 16-7.2 16-16l0-80c0-17.7 14.3-32 32-32s32 14.3 32 32l0 80c0 44.2-35.8 80-80 80L80 512c-44.2 0-80-35.8-80-80L0 176z"
              fill="currentColor"
            />
          </svg>
          View on Discogs
        </a>
      </div>
    </div>
  </div>
</div>
`;

exports[`DiscogsModal handles release with undefined arrays 1`] = `
<div
  aria-labelledby="modal-title"
  aria-modal="true"
  className="css-1f85zto"
  role="dialog"
>
  <button
    aria-label="Close modal"
    className="css-ugcw57"
    onClick={[MockFunction]}
  />
  <div
    className="css-16e73id"
    onClick={[Function]}
    tabIndex={-1}
  >
    <button
      aria-label="Close modal"
      className="css-1eakr7c"
      onClick={[MockFunction]}
    >
      <svg
        aria-hidden="true"
        className="svg-inline--fa fa-xmark"
        data-icon="xmark"
        data-prefix="fas"
        role="img"
        viewBox="0 0 384 512"
      >
        <path
          d="M55.1 73.4c-12.5-12.5-32.8-12.5-45.3 0s-12.5 32.8 0 45.3L147.2 256 9.9 393.4c-12.5 12.5-12.5 32.8 0 45.3s32.8 12.5 45.3 0L192.5 301.3 329.9 438.6c12.5 12.5 32.8 12.5 45.3 0s12.5-32.8 0-45.3L237.8 256 375.1 118.6c12.5-12.5 12.5-32.8 0-45.3s-32.8-12.5-45.3 0L192.5 210.7 55.1 73.4z"
          fill="currentColor"
        />
      </svg>
    </button>
    <div
      className="css-1x44wr8"
    >
      <div
        className="css-16ilj6a"
      >
        <h2
          className="css-aw4tjo"
          id="modal-title"
        >
          Undefined Arrays Album
        </h2>
        <p
          className="css-1frxl4t"
        >
          Unknown Artist
        </p>
        <p
          className="css-y0ziuu"
        >
          2023
        </p>
      </div>
      <div
        className="css-73r8mm"
      >
        <div
          className="css-32g3ao"
        >
          <div
            className="css-w2j0pp"
          >
            No Image Available
          </div>
        </div>
        <div
          className="css-zqnl66"
        />
      </div>
      <div
        className="css-1y1q5jg"
      >
        <button
          className="css-1faxcgi"
          onClick={[MockFunction]}
        >
          Close
        </button>
      </div>
    </div>
  </div>
</div>
`;

exports[`DiscogsModal renders modal with complete release data 1`] = `
<div
  aria-labelledby="modal-title"
  aria-modal="true"
  className="css-1f85zto"
  role="dialog"
>
  <button
    aria-label="Close modal"
    className="css-ugcw57"
    onClick={[MockFunction]}
  />
  <div
    className="css-16e73id"
    onClick={[Function]}
    tabIndex={-1}
  >
    <button
      aria-label="Close modal"
      className="css-1eakr7c"
      onClick={[MockFunction]}
    >
      <svg
        aria-hidden="true"
        className="svg-inline--fa fa-xmark"
        data-icon="xmark"
        data-prefix="fas"
        role="img"
        viewBox="0 0 384 512"
      >
        <path
          d="M55.1 73.4c-12.5-12.5-32.8-12.5-45.3 0s-12.5 32.8 0 45.3L147.2 256 9.9 393.4c-12.5 12.5-12.5 32.8 0 45.3s32.8 12.5 45.3 0L192.5 301.3 329.9 438.6c12.5 12.5 32.8 12.5 45.3 0s12.5-32.8 0-45.3L237.8 256 375.1 118.6c12.5-12.5 12.5-32.8 0-45.3s-32.8-12.5-45.3 0L192.5 210.7 55.1 73.4z"
          fill="currentColor"
        />
      </svg>
    </button>
    <div
      className="css-1x44wr8"
    >
      <div
        className="css-16ilj6a"
      >
        <h2
          className="css-aw4tjo"
          id="modal-title"
        >
          Test Album
        </h2>
        <p
          className="css-1frxl4t"
        >
          Test Artist
        </p>
        <p
          className="css-y0ziuu"
        >
          2023
        </p>
      </div>
      <div
        className="css-73r8mm"
      >
        <div
          className="css-32g3ao"
        >
          <img
            alt="Test Album album cover"
            className="css-1qght08"
            src="https://example.com/cover.jpg"
          />
        </div>
        <div
          className="css-zqnl66"
        >
          <div>
            <h4
              className="css-1vvxkz4"
            >
              Genres
            </h4>
            <p
              className="css-16r4ony"
            >
              Rock, Alternative
            </p>
          </div>
          <div>
            <h4
              className="css-1vvxkz4"
            >
              Styles
            </h4>
            <p
              className="css-16r4ony"
            >
              Indie Rock, Alternative Rock
            </p>
          </div>
        </div>
      </div>
      <div
        className="css-13u82un"
      >
        <h3
          className="css-1pfzqjk"
        >
          Tracklist
        </h3>
        <div
          className="css-1lfltae"
        >
          <div
            className="css-17acj12"
          >
            <div>
              Position
            </div>
            <div>
              Title
            </div>
            <div>
              Duration
            </div>
          </div>
          <div
            className="css-ofyc7f"
          >
            <div
              className="css-uz5es8"
            >
              A1
            </div>
            <div
              className="css-odppt"
            >
              Pardon Me Sir
            </div>
            <div
              className="css-1ozry76"
            >
              3:37
            </div>
          </div>
          <div
            className="css-ofyc7f"
          >
            <div
              className="css-uz5es8"
            >
              A2
            </div>
            <div
              className="css-odppt"
            >
              High Time We Went
            </div>
            <div
              className="css-1ozry76"
            >
              4:25
            </div>
          </div>
          <div
            className="css-ofyc7f"
          >
            <div
              className="css-uz5es8"
            >
              B1
            </div>
            <div
              className="css-odppt"
            >
              Midnight Rider
            </div>
            <div
              className="css-1ozry76"
            >
              4:00
            </div>
          </div>
          <div
            className="css-kcs0kp"
          >
            <div
              className="css-uz5es8"
            >
              B2
            </div>
            <div
              className="css-odppt"
            >
              Do Right Woman
            </div>
            <div
              className="css-1ozry76"
            >
              7:00
            </div>
          </div>
        </div>
      </div>
      <div
        className="css-1y1q5jg"
      >
        <button
          className="css-1faxcgi"
          onClick={[MockFunction]}
        >
          Close
        </button>
        <a
          className="css-1o8r63u"
          href="https://www.discogs.com/release/12345-Test-Artist-Test-Album"
          rel="noopener noreferrer"
          target="_blank"
        >
          <svg
            aria-hidden="true"
            className="svg-inline--fa fa-up-right-from-square"
            data-icon="up-right-from-square"
            data-prefix="fas"
            role="img"
            viewBox="0 0 512 512"
          >
            <path
              d="M290.4 19.8C295.4 7.8 307.1 0 320 0L480 0c17.7 0 32 14.3 32 32l0 160c0 12.9-7.8 24.6-19.8 29.6s-25.7 2.2-34.9-6.9L400 157.3 246.6 310.6c-12.5 12.5-32.8 12.5-45.3 0s-12.5-32.8 0-45.3L354.7 112 297.4 54.6c-9.2-9.2-11.9-22.9-6.9-34.9zM0 176c0-44.2 35.8-80 80-80l80 0c17.7 0 32 14.3 32 32s-14.3 32-32 32l-80 0c-8.8 0-16 7.2-16 16l0 256c0 8.8 7.2 16 16 16l256 0c8.8 0 16-7.2 16-16l0-80c0-17.7 14.3-32 32-32s32 14.3 32 32l0 80c0 44.2-35.8 80-80 80L80 512c-44.2 0-80-35.8-80-80L0 176z"
              fill="currentColor"
            />
          </svg>
          View on Discogs
        </a>
      </div>
    </div>
  </div>
</div>
`;

exports[`DiscogsModal renders modal with minimal release data 1`] = `
<div
  aria-labelledby="modal-title"
  aria-modal="true"
  className="css-1f85zto"
  role="dialog"
>
  <button
    aria-label="Close modal"
    className="css-ugcw57"
    onClick={[MockFunction]}
  />
  <div
    className="css-16e73id"
    onClick={[Function]}
    tabIndex={-1}
  >
    <button
      aria-label="Close modal"
      className="css-1eakr7c"
      onClick={[MockFunction]}
    >
      <svg
        aria-hidden="true"
        className="svg-inline--fa fa-xmark"
        data-icon="xmark"
        data-prefix="fas"
        role="img"
        viewBox="0 0 384 512"
      >
        <path
          d="M55.1 73.4c-12.5-12.5-32.8-12.5-45.3 0s-12.5 32.8 0 45.3L147.2 256 9.9 393.4c-12.5 12.5-12.5 32.8 0 45.3s32.8 12.5 45.3 0L192.5 301.3 329.9 438.6c12.5 12.5 32.8 12.5 45.3 0s12.5-32.8 0-45.3L237.8 256 375.1 118.6c12.5-12.5 12.5-32.8 0-45.3s-32.8-12.5-45.3 0L192.5 210.7 55.1 73.4z"
          fill="currentColor"
        />
      </svg>
    </button>
    <div
      className="css-1x44wr8"
    >
      <div
        className="css-16ilj6a"
      >
        <h2
          className="css-aw4tjo"
          id="modal-title"
        >
          Minimal Album
        </h2>
        <p
          className="css-1frxl4t"
        >
          Minimal Artist
        </p>
        <p
          className="css-y0ziuu"
        >
          2022
        </p>
      </div>
      <div
        className="css-73r8mm"
      >
        <div
          className="css-32g3ao"
        >
          <div
            className="css-w2j0pp"
          >
            No Image Available
          </div>
        </div>
        <div
          className="css-zqnl66"
        />
      </div>
      <div
        className="css-1y1q5jg"
      >
        <button
          className="css-1faxcgi"
          onClick={[MockFunction]}
        >
          Close
        </button>
        <a
          className="css-1o8r63u"
          href="https://www.discogs.com/release/67890-Minimal-Artist-Minimal-Album"
          rel="noopener noreferrer"
          target="_blank"
        >
          <svg
            aria-hidden="true"
            className="svg-inline--fa fa-up-right-from-square"
            data-icon="up-right-from-square"
            data-prefix="fas"
            role="img"
            viewBox="0 0 512 512"
          >
            <path
              d="M290.4 19.8C295.4 7.8 307.1 0 320 0L480 0c17.7 0 32 14.3 32 32l0 160c0 12.9-7.8 24.6-19.8 29.6s-25.7 2.2-34.9-6.9L400 157.3 246.6 310.6c-12.5 12.5-32.8 12.5-45.3 0s-12.5-32.8 0-45.3L354.7 112 297.4 54.6c-9.2-9.2-11.9-22.9-6.9-34.9zM0 176c0-44.2 35.8-80 80-80l80 0c17.7 0 32 14.3 32 32s-14.3 32-32 32l-80 0c-8.8 0-16 7.2-16 16l0 256c0 8.8 7.2 16 16 16l256 0c8.8 0 16-7.2 16-16l0-80c0-17.7 14.3-32 32-32s32 14.3 32 32l0 80c0 44.2-35.8 80-80 80L80 512c-44.2 0-80-35.8-80-80L0 176z"
              fill="currentColor"
            />
          </svg>
          View on Discogs
        </a>
      </div>
    </div>
  </div>
</div>
`;

exports[`DiscogsModal uses coverImage when cdnCoverUrl is not available 1`] = `
<div
  aria-labelledby="modal-title"
  aria-modal="true"
  className="css-1f85zto"
  role="dialog"
>
  <button
    aria-label="Close modal"
    className="css-ugcw57"
    onClick={[MockFunction]}
  />
  <div
    className="css-16e73id"
    onClick={[Function]}
    tabIndex={-1}
  >
    <button
      aria-label="Close modal"
      className="css-1eakr7c"
      onClick={[MockFunction]}
    >
      <svg
        aria-hidden="true"
        className="svg-inline--fa fa-xmark"
        data-icon="xmark"
        data-prefix="fas"
        role="img"
        viewBox="0 0 384 512"
      >
        <path
          d="M55.1 73.4c-12.5-12.5-32.8-12.5-45.3 0s-12.5 32.8 0 45.3L147.2 256 9.9 393.4c-12.5 12.5-12.5 32.8 0 45.3s32.8 12.5 45.3 0L192.5 301.3 329.9 438.6c12.5 12.5 32.8 12.5 45.3 0s12.5-32.8 0-45.3L237.8 256 375.1 118.6c12.5-12.5 12.5-32.8 0-45.3s-32.8-12.5-45.3 0L192.5 210.7 55.1 73.4z"
          fill="currentColor"
        />
      </svg>
    </button>
    <div
      className="css-1x44wr8"
    >
      <div
        className="css-16ilj6a"
      >
        <h2
          className="css-aw4tjo"
          id="modal-title"
        >
          Test Album
        </h2>
        <p
          className="css-1frxl4t"
        >
          Test Artist
        </p>
        <p
          className="css-y0ziuu"
        >
          2023
        </p>
      </div>
      <div
        className="css-73r8mm"
      >
        <div
          className="css-32g3ao"
        >
          <img
            alt="Test Album album cover"
            className="css-1qght08"
            src="https://example.com/cover-fallback.jpg"
          />
        </div>
        <div
          className="css-zqnl66"
        >
          <div>
            <h4
              className="css-1vvxkz4"
            >
              Genres
            </h4>
            <p
              className="css-16r4ony"
            >
              Rock, Alternative
            </p>
          </div>
          <div>
            <h4
              className="css-1vvxkz4"
            >
              Styles
            </h4>
            <p
              className="css-16r4ony"
            >
              Indie Rock, Alternative Rock
            </p>
          </div>
        </div>
      </div>
      <div
        className="css-13u82un"
      >
        <h3
          className="css-1pfzqjk"
        >
          Tracklist
        </h3>
        <div
          className="css-1lfltae"
        >
          <div
            className="css-17acj12"
          >
            <div>
              Position
            </div>
            <div>
              Title
            </div>
            <div>
              Duration
            </div>
          </div>
          <div
            className="css-ofyc7f"
          >
            <div
              className="css-uz5es8"
            >
              A1
            </div>
            <div
              className="css-odppt"
            >
              Pardon Me Sir
            </div>
            <div
              className="css-1ozry76"
            >
              3:37
            </div>
          </div>
          <div
            className="css-ofyc7f"
          >
            <div
              className="css-uz5es8"
            >
              A2
            </div>
            <div
              className="css-odppt"
            >
              High Time We Went
            </div>
            <div
              className="css-1ozry76"
            >
              4:25
            </div>
          </div>
          <div
            className="css-ofyc7f"
          >
            <div
              className="css-uz5es8"
            >
              B1
            </div>
            <div
              className="css-odppt"
            >
              Midnight Rider
            </div>
            <div
              className="css-1ozry76"
            >
              4:00
            </div>
          </div>
          <div
            className="css-kcs0kp"
          >
            <div
              className="css-uz5es8"
            >
              B2
            </div>
            <div
              className="css-odppt"
            >
              Do Right Woman
            </div>
            <div
              className="css-1ozry76"
            >
              7:00
            </div>
          </div>
        </div>
      </div>
      <div
        className="css-1y1q5jg"
      >
        <button
          className="css-1faxcgi"
          onClick={[MockFunction]}
        >
          Close
        </button>
        <a
          className="css-1o8r63u"
          href="https://www.discogs.com/release/12345-Test-Artist-Test-Album"
          rel="noopener noreferrer"
          target="_blank"
        >
          <svg
            aria-hidden="true"
            className="svg-inline--fa fa-up-right-from-square"
            data-icon="up-right-from-square"
            data-prefix="fas"
            role="img"
            viewBox="0 0 512 512"
          >
            <path
              d="M290.4 19.8C295.4 7.8 307.1 0 320 0L480 0c17.7 0 32 14.3 32 32l0 160c0 12.9-7.8 24.6-19.8 29.6s-25.7 2.2-34.9-6.9L400 157.3 246.6 310.6c-12.5 12.5-32.8 12.5-45.3 0s-12.5-32.8 0-45.3L354.7 112 297.4 54.6c-9.2-9.2-11.9-22.9-6.9-34.9zM0 176c0-44.2 35.8-80 80-80l80 0c17.7 0 32 14.3 32 32s-14.3 32-32 32l-80 0c-8.8 0-16 7.2-16 16l0 256c0 8.8 7.2 16 16 16l256 0c8.8 0 16-7.2 16-16l0-80c0-17.7 14.3-32 32-32s32 14.3 32 32l0 80c0 44.2-35.8 80-80 80L80 512c-44.2 0-80-35.8-80-80L0 176z"
              fill="currentColor"
            />
          </svg>
          View on Discogs
        </a>
      </div>
    </div>
  </div>
</div>
`;

exports[`DiscogsModal uses resource.uri for external link when available 1`] = `
<div
  aria-labelledby="modal-title"
  aria-modal="true"
  className="css-1f85zto"
  role="dialog"
>
  <button
    aria-label="Close modal"
    className="css-ugcw57"
    onClick={[MockFunction]}
  />
  <div
    className="css-16e73id"
    onClick={[Function]}
    tabIndex={-1}
  >
    <button
      aria-label="Close modal"
      className="css-1eakr7c"
      onClick={[MockFunction]}
    >
      <svg
        aria-hidden="true"
        className="svg-inline--fa fa-xmark"
        data-icon="xmark"
        data-prefix="fas"
        role="img"
        viewBox="0 0 384 512"
      >
        <path
          d="M55.1 73.4c-12.5-12.5-32.8-12.5-45.3 0s-12.5 32.8 0 45.3L147.2 256 9.9 393.4c-12.5 12.5-12.5 32.8 0 45.3s32.8 12.5 45.3 0L192.5 301.3 329.9 438.6c12.5 12.5 32.8 12.5 45.3 0s12.5-32.8 0-45.3L237.8 256 375.1 118.6c12.5-12.5 12.5-32.8 0-45.3s-32.8-12.5-45.3 0L192.5 210.7 55.1 73.4z"
          fill="currentColor"
        />
      </svg>
    </button>
    <div
      className="css-1x44wr8"
    >
      <div
        className="css-16ilj6a"
      >
        <h2
          className="css-aw4tjo"
          id="modal-title"
        >
          Test Album
        </h2>
        <p
          className="css-1frxl4t"
        >
          Test Artist
        </p>
        <p
          className="css-y0ziuu"
        >
          2023
        </p>
      </div>
      <div
        className="css-73r8mm"
      >
        <div
          className="css-32g3ao"
        >
          <img
            alt="Test Album album cover"
            className="css-1qght08"
            src="https://example.com/cover.jpg"
          />
        </div>
        <div
          className="css-zqnl66"
        >
          <div>
            <h4
              className="css-1vvxkz4"
            >
              Genres
            </h4>
            <p
              className="css-16r4ony"
            >
              Rock, Alternative
            </p>
          </div>
          <div>
            <h4
              className="css-1vvxkz4"
            >
              Styles
            </h4>
            <p
              className="css-16r4ony"
            >
              Indie Rock, Alternative Rock
            </p>
          </div>
        </div>
      </div>
      <div
        className="css-13u82un"
      >
        <h3
          className="css-1pfzqjk"
        >
          Tracklist
        </h3>
        <div
          className="css-1lfltae"
        >
          <div
            className="css-17acj12"
          >
            <div>
              Position
            </div>
            <div>
              Title
            </div>
            <div>
              Duration
            </div>
          </div>
          <div
            className="css-ofyc7f"
          >
            <div
              className="css-uz5es8"
            >
              A1
            </div>
            <div
              className="css-odppt"
            >
              Pardon Me Sir
            </div>
            <div
              className="css-1ozry76"
            >
              3:37
            </div>
          </div>
          <div
            className="css-ofyc7f"
          >
            <div
              className="css-uz5es8"
            >
              A2
            </div>
            <div
              className="css-odppt"
            >
              High Time We Went
            </div>
            <div
              className="css-1ozry76"
            >
              4:25
            </div>
          </div>
          <div
            className="css-ofyc7f"
          >
            <div
              className="css-uz5es8"
            >
              B1
            </div>
            <div
              className="css-odppt"
            >
              Midnight Rider
            </div>
            <div
              className="css-1ozry76"
            >
              4:00
            </div>
          </div>
          <div
            className="css-kcs0kp"
          >
            <div
              className="css-uz5es8"
            >
              B2
            </div>
            <div
              className="css-odppt"
            >
              Do Right Woman
            </div>
            <div
              className="css-1ozry76"
            >
              7:00
            </div>
          </div>
        </div>
      </div>
      <div
        className="css-1y1q5jg"
      >
        <button
          className="css-1faxcgi"
          onClick={[MockFunction]}
        >
          Close
        </button>
        <a
          className="css-1o8r63u"
          href="https://www.discogs.com/release/12345-Test-Artist-Test-Album"
          rel="noopener noreferrer"
          target="_blank"
        >
          <svg
            aria-hidden="true"
            className="svg-inline--fa fa-up-right-from-square"
            data-icon="up-right-from-square"
            data-prefix="fas"
            role="img"
            viewBox="0 0 512 512"
          >
            <path
              d="M290.4 19.8C295.4 7.8 307.1 0 320 0L480 0c17.7 0 32 14.3 32 32l0 160c0 12.9-7.8 24.6-19.8 29.6s-25.7 2.2-34.9-6.9L400 157.3 246.6 310.6c-12.5 12.5-32.8 12.5-45.3 0s-12.5-32.8 0-45.3L354.7 112 297.4 54.6c-9.2-9.2-11.9-22.9-6.9-34.9zM0 176c0-44.2 35.8-80 80-80l80 0c17.7 0 32 14.3 32 32s-14.3 32-32 32l-80 0c-8.8 0-16 7.2-16 16l0 256c0 8.8 7.2 16 16 16l256 0c8.8 0 16-7.2 16-16l0-80c0-17.7 14.3-32 32-32s32 14.3 32 32l0 80c0 44.2-35.8 80-80 80L80 512c-44.2 0-80-35.8-80-80L0 176z"
              fill="currentColor"
            />
          </svg>
          View on Discogs
        </a>
      </div>
    </div>
  </div>
</div>
`;
