// Jest Snapshot v1, https://jestjs.io/docs/snapshot-testing

exports[`VinylPagination disables next button on last page 1`] = `null`;

exports[`VinylPagination disables previous button on first page 1`] = `null`;

exports[`VinylPagination does not render pagination controls when totalPages <= 1 1`] = `null`;

exports[`VinylPagination renders pagination controls when totalPages > 1 1`] = `null`;

exports[`VinylPagination shows correct page info 1`] = `null`;
