// Jest Snapshot v1, https://jestjs.io/docs/snapshot-testing

exports[`VinylCollection Edge cases handles releases with empty artist name 1`] = `null`;

exports[`VinylCollection Edge cases handles releases with empty artists array 1`] = `null`;

exports[`VinylCollection Edge cases handles releases with empty cdnThumbUrl 1`] = `null`;

exports[`VinylCollection Edge cases handles releases with empty resourceUrl 1`] = `null`;

exports[`VinylCollection Edge cases handles releases with missing artist name 1`] = `null`;

exports[`VinylCollection Edge cases handles releases with missing basicInformation properties 1`] = `null`;

exports[`VinylCollection Edge cases handles releases with missing cdnThumbUrl property 1`] = `null`;

exports[`VinylCollection Edge cases handles releases with missing resourceUrl 1`] = `null`;

exports[`VinylCollection Edge cases handles releases with missing resourceUrl property 1`] = `null`;

exports[`VinylCollection Edge cases handles releases with missing title 1`] = `null`;

exports[`VinylCollection Edge cases handles releases with missing year 1`] = `null`;

exports[`VinylCollection Edge cases handles releases with null artists 1`] = `null`;

exports[`VinylCollection Edge cases handles releases with undefined artist name 1`] = `null`;

exports[`VinylCollection Edge cases handles releases with undefined artists 1`] = `null`;

exports[`VinylCollection Edge cases handles releases with undefined cdnThumbUrl 1`] = `null`;

exports[`VinylCollection Edge cases handles releases with undefined resourceUrl 1`] = `null`;

exports[`VinylCollection handles releases with missing artist information 1`] = `null`;

exports[`VinylCollection handles releases with missing basicInformation 1`] = `null`;

exports[`VinylCollection handles releases with multiple artists 1`] = `null`;

exports[`VinylCollection handles releases without CDN thumb URL 1`] = `null`;

exports[`VinylCollection renders empty state when no releases 1`] = `null`;

exports[`VinylCollection renders loading state 1`] = `null`;

exports[`VinylCollection renders with many releases for pagination testing 1`] = `null`;

exports[`VinylCollection renders with vinyl releases 1`] = `null`;
