// Jest Snapshot v1, https://jestjs.io/docs/snapshot-testing

exports[`Spotify matches snapshot when valid URL is provided 1`] = `
<DocumentFragment>
  <iframe
    allow="autoplay; clipboard-write; encrypted-media; fullscreen; picture-in-picture"
    class="css-12egey"
    height="152"
    loading="lazy"
    src="https://open.spotify.com/embed/track/123"
    title="Spotify Embed"
    width="100%"
  />
</DocumentFragment>
`;
