// Jest Snapshot v1, https://jestjs.io/docs/snapshot-testing

exports[`ContributionGraph Component matches the empty state snapshot 1`] = `
<div
  className="css-lnnjou"
>
  <h3
    className="css-174rnww"
  >
    Contribution Graph
  </h3>
  <div
    className="css-dqblq9"
    style={
      {
        "overflow": "hidden",
      }
    }
  >
    <p
      className="css-1qwovgy"
    >
      Loading contribution data...
    </p>
    <div
      className="css-1oal0qm"
    >
      <div
        className="css-1oe1md6"
      />
      <div
        className="css-1oe1md6"
      />
      <div
        className="css-1oe1md6"
      />
      <div
        className="css-1oe1md6"
      />
      <div
        className="css-1oe1md6"
      />
      <div
        className="css-1oe1md6"
      />
      <div
        className="css-1oe1md6"
      />
      <div
        className="css-1oe1md6"
      />
      <div
        className="css-1oe1md6"
      />
      <div
        className="css-1oe1md6"
      />
      <div
        className="css-1oe1md6"
      />
      <div
        className="css-1oe1md6"
      />
      <div
        className="css-1oe1md6"
      />
      <div
        className="css-1oe1md6"
      />
      <div
        className="css-1oe1md6"
      />
      <div
        className="css-1oe1md6"
      />
      <div
        className="css-1oe1md6"
      />
      <div
        className="css-1oe1md6"
      />
      <div
        className="css-1oe1md6"
      />
      <div
        className="css-1oe1md6"
      />
      <div
        className="css-1oe1md6"
      />
      <div
        className="css-1oe1md6"
      />
      <div
        className="css-1oe1md6"
      />
      <div
        className="css-1oe1md6"
      />
      <div
        className="css-1oe1md6"
      />
      <div
        className="css-1oe1md6"
      />
      <div
        className="css-1oe1md6"
      />
      <div
        className="css-1oe1md6"
      />
      <div
        className="css-1oe1md6"
      />
      <div
        className="css-1oe1md6"
      />
      <div
        className="css-1oe1md6"
      />
      <div
        className="css-1oe1md6"
      />
      <div
        className="css-1oe1md6"
      />
      <div
        className="css-1oe1md6"
      />
      <div
        className="css-1oe1md6"
      />
      <div
        className="css-1oe1md6"
      />
      <div
        className="css-1oe1md6"
      />
      <div
        className="css-1oe1md6"
      />
      <div
        className="css-1oe1md6"
      />
      <div
        className="css-1oe1md6"
      />
      <div
        className="css-1oe1md6"
      />
      <div
        className="css-1oe1md6"
      />
      <div
        className="css-1oe1md6"
      />
      <div
        className="css-1oe1md6"
      />
      <div
        className="css-1oe1md6"
      />
      <div
        className="css-1oe1md6"
      />
      <div
        className="css-1oe1md6"
      />
      <div
        className="css-1oe1md6"
      />
      <div
        className="css-1oe1md6"
      />
      <div
        className="css-1oe1md6"
      />
      <div
        className="css-1oe1md6"
      />
      <div
        className="css-1oe1md6"
      />
      <div
        className="css-1oe1md6"
      />
      <div
        className="css-1oe1md6"
      />
      <div
        className="css-1oe1md6"
      />
      <div
        className="css-1oe1md6"
      />
      <div
        className="css-1oe1md6"
      />
      <div
        className="css-1oe1md6"
      />
      <div
        className="css-1oe1md6"
      />
      <div
        className="css-1oe1md6"
      />
      <div
        className="css-1oe1md6"
      />
      <div
        className="css-1oe1md6"
      />
      <div
        className="css-1oe1md6"
      />
      <div
        className="css-1oe1md6"
      />
      <div
        className="css-1oe1md6"
      />
      <div
        className="css-1oe1md6"
      />
      <div
        className="css-1oe1md6"
      />
      <div
        className="css-1oe1md6"
      />
      <div
        className="css-1oe1md6"
      />
      <div
        className="css-1oe1md6"
      />
      <div
        className="css-1oe1md6"
      />
      <div
        className="css-1oe1md6"
      />
      <div
        className="css-1oe1md6"
      />
      <div
        className="css-1oe1md6"
      />
      <div
        className="css-1oe1md6"
      />
      <div
        className="css-1oe1md6"
      />
      <div
        className="css-1oe1md6"
      />
      <div
        className="css-1oe1md6"
      />
      <div
        className="css-1oe1md6"
      />
      <div
        className="css-1oe1md6"
      />
      <div
        className="css-1oe1md6"
      />
      <div
        className="css-1oe1md6"
      />
      <div
        className="css-1oe1md6"
      />
      <div
        className="css-1oe1md6"
      />
      <div
        className="css-1oe1md6"
      />
      <div
        className="css-1oe1md6"
      />
      <div
        className="css-1oe1md6"
      />
      <div
        className="css-1oe1md6"
      />
      <div
        className="css-1oe1md6"
      />
      <div
        className="css-1oe1md6"
      />
      <div
        className="css-1oe1md6"
      />
      <div
        className="css-1oe1md6"
      />
      <div
        className="css-1oe1md6"
      />
      <div
        className="css-1oe1md6"
      />
      <div
        className="css-1oe1md6"
      />
      <div
        className="css-1oe1md6"
      />
      <div
        className="css-1oe1md6"
      />
      <div
        className="css-1oe1md6"
      />
      <div
        className="css-1oe1md6"
      />
      <div
        className="css-1oe1md6"
      />
      <div
        className="css-1oe1md6"
      />
      <div
        className="css-1oe1md6"
      />
      <div
        className="css-1oe1md6"
      />
      <div
        className="css-1oe1md6"
      />
      <div
        className="css-1oe1md6"
      />
      <div
        className="css-1oe1md6"
      />
      <div
        className="css-1oe1md6"
      />
      <div
        className="css-1oe1md6"
      />
      <div
        className="css-1oe1md6"
      />
      <div
        className="css-1oe1md6"
      />
      <div
        className="css-1oe1md6"
      />
      <div
        className="css-1oe1md6"
      />
      <div
        className="css-1oe1md6"
      />
      <div
        className="css-1oe1md6"
      />
      <div
        className="css-1oe1md6"
      />
      <div
        className="css-1oe1md6"
      />
      <div
        className="css-1oe1md6"
      />
      <div
        className="css-1oe1md6"
      />
      <div
        className="css-1oe1md6"
      />
      <div
        className="css-1oe1md6"
      />
      <div
        className="css-1oe1md6"
      />
      <div
        className="css-1oe1md6"
      />
      <div
        className="css-1oe1md6"
      />
      <div
        className="css-1oe1md6"
      />
      <div
        className="css-1oe1md6"
      />
      <div
        className="css-1oe1md6"
      />
      <div
        className="css-1oe1md6"
      />
      <div
        className="css-1oe1md6"
      />
      <div
        className="css-1oe1md6"
      />
      <div
        className="css-1oe1md6"
      />
      <div
        className="css-1oe1md6"
      />
      <div
        className="css-1oe1md6"
      />
      <div
        className="css-1oe1md6"
      />
      <div
        className="css-1oe1md6"
      />
      <div
        className="css-1oe1md6"
      />
      <div
        className="css-1oe1md6"
      />
      <div
        className="css-1oe1md6"
      />
      <div
        className="css-1oe1md6"
      />
      <div
        className="css-1oe1md6"
      />
      <div
        className="css-1oe1md6"
      />
      <div
        className="css-1oe1md6"
      />
      <div
        className="css-1oe1md6"
      />
      <div
        className="css-1oe1md6"
      />
      <div
        className="css-1oe1md6"
      />
      <div
        className="css-1oe1md6"
      />
      <div
        className="css-1oe1md6"
      />
      <div
        className="css-1oe1md6"
      />
      <div
        className="css-1oe1md6"
      />
      <div
        className="css-1oe1md6"
      />
      <div
        className="css-1oe1md6"
      />
      <div
        className="css-1oe1md6"
      />
      <div
        className="css-1oe1md6"
      />
      <div
        className="css-1oe1md6"
      />
      <div
        className="css-1oe1md6"
      />
      <div
        className="css-1oe1md6"
      />
      <div
        className="css-1oe1md6"
      />
      <div
        className="css-1oe1md6"
      />
      <div
        className="css-1oe1md6"
      />
      <div
        className="css-1oe1md6"
      />
      <div
        className="css-1oe1md6"
      />
      <div
        className="css-1oe1md6"
      />
      <div
        className="css-1oe1md6"
      />
      <div
        className="css-1oe1md6"
      />
      <div
        className="css-1oe1md6"
      />
      <div
        className="css-1oe1md6"
      />
      <div
        className="css-1oe1md6"
      />
      <div
        className="css-1oe1md6"
      />
      <div
        className="css-1oe1md6"
      />
      <div
        className="css-1oe1md6"
      />
      <div
        className="css-1oe1md6"
      />
      <div
        className="css-1oe1md6"
      />
      <div
        className="css-1oe1md6"
      />
      <div
        className="css-1oe1md6"
      />
      <div
        className="css-1oe1md6"
      />
      <div
        className="css-1oe1md6"
      />
      <div
        className="css-1oe1md6"
      />
      <div
        className="css-1oe1md6"
      />
      <div
        className="css-1oe1md6"
      />
      <div
        className="css-1oe1md6"
      />
      <div
        className="css-1oe1md6"
      />
      <div
        className="css-1oe1md6"
      />
      <div
        className="css-1oe1md6"
      />
      <div
        className="css-1oe1md6"
      />
      <div
        className="css-1oe1md6"
      />
      <div
        className="css-1oe1md6"
      />
      <div
        className="css-1oe1md6"
      />
      <div
        className="css-1oe1md6"
      />
      <div
        className="css-1oe1md6"
      />
      <div
        className="css-1oe1md6"
      />
      <div
        className="css-1oe1md6"
      />
      <div
        className="css-1oe1md6"
      />
      <div
        className="css-1oe1md6"
      />
      <div
        className="css-1oe1md6"
      />
      <div
        className="css-1oe1md6"
      />
      <div
        className="css-1oe1md6"
      />
      <div
        className="css-1oe1md6"
      />
      <div
        className="css-1oe1md6"
      />
      <div
        className="css-1oe1md6"
      />
      <div
        className="css-1oe1md6"
      />
      <div
        className="css-1oe1md6"
      />
      <div
        className="css-1oe1md6"
      />
      <div
        className="css-1oe1md6"
      />
      <div
        className="css-1oe1md6"
      />
      <div
        className="css-1oe1md6"
      />
      <div
        className="css-1oe1md6"
      />
      <div
        className="css-1oe1md6"
      />
      <div
        className="css-1oe1md6"
      />
      <div
        className="css-1oe1md6"
      />
      <div
        className="css-1oe1md6"
      />
      <div
        className="css-1oe1md6"
      />
      <div
        className="css-1oe1md6"
      />
      <div
        className="css-1oe1md6"
      />
      <div
        className="css-1oe1md6"
      />
      <div
        className="css-1oe1md6"
      />
      <div
        className="css-1oe1md6"
      />
      <div
        className="css-1oe1md6"
      />
      <div
        className="css-1oe1md6"
      />
      <div
        className="css-1oe1md6"
      />
      <div
        className="css-1oe1md6"
      />
      <div
        className="css-1oe1md6"
      />
      <div
        className="css-1oe1md6"
      />
      <div
        className="css-1oe1md6"
      />
      <div
        className="css-1oe1md6"
      />
      <div
        className="css-1oe1md6"
      />
      <div
        className="css-1oe1md6"
      />
      <div
        className="css-1oe1md6"
      />
      <div
        className="css-1oe1md6"
      />
      <div
        className="css-1oe1md6"
      />
      <div
        className="css-1oe1md6"
      />
      <div
        className="css-1oe1md6"
      />
      <div
        className="css-1oe1md6"
      />
      <div
        className="css-1oe1md6"
      />
      <div
        className="css-1oe1md6"
      />
      <div
        className="css-1oe1md6"
      />
      <div
        className="css-1oe1md6"
      />
      <div
        className="css-1oe1md6"
      />
      <div
        className="css-1oe1md6"
      />
      <div
        className="css-1oe1md6"
      />
      <div
        className="css-1oe1md6"
      />
      <div
        className="css-1oe1md6"
      />
      <div
        className="css-1oe1md6"
      />
      <div
        className="css-1oe1md6"
      />
      <div
        className="css-1oe1md6"
      />
      <div
        className="css-1oe1md6"
      />
      <div
        className="css-1oe1md6"
      />
      <div
        className="css-1oe1md6"
      />
      <div
        className="css-1oe1md6"
      />
      <div
        className="css-1oe1md6"
      />
      <div
        className="css-1oe1md6"
      />
      <div
        className="css-1oe1md6"
      />
      <div
        className="css-1oe1md6"
      />
      <div
        className="css-1oe1md6"
      />
      <div
        className="css-1oe1md6"
      />
      <div
        className="css-1oe1md6"
      />
      <div
        className="css-1oe1md6"
      />
      <div
        className="css-1oe1md6"
      />
      <div
        className="css-1oe1md6"
      />
      <div
        className="css-1oe1md6"
      />
      <div
        className="css-1oe1md6"
      />
      <div
        className="css-1oe1md6"
      />
      <div
        className="css-1oe1md6"
      />
      <div
        className="css-1oe1md6"
      />
      <div
        className="css-1oe1md6"
      />
      <div
        className="css-1oe1md6"
      />
      <div
        className="css-1oe1md6"
      />
      <div
        className="css-1oe1md6"
      />
      <div
        className="css-1oe1md6"
      />
      <div
        className="css-1oe1md6"
      />
      <div
        className="css-1oe1md6"
      />
      <div
        className="css-1oe1md6"
      />
      <div
        className="css-1oe1md6"
      />
      <div
        className="css-1oe1md6"
      />
      <div
        className="css-1oe1md6"
      />
      <div
        className="css-1oe1md6"
      />
      <div
        className="css-1oe1md6"
      />
      <div
        className="css-1oe1md6"
      />
      <div
        className="css-1oe1md6"
      />
      <div
        className="css-1oe1md6"
      />
      <div
        className="css-1oe1md6"
      />
      <div
        className="css-1oe1md6"
      />
      <div
        className="css-1oe1md6"
      />
      <div
        className="css-1oe1md6"
      />
      <div
        className="css-1oe1md6"
      />
      <div
        className="css-1oe1md6"
      />
      <div
        className="css-1oe1md6"
      />
      <div
        className="css-1oe1md6"
      />
      <div
        className="css-1oe1md6"
      />
      <div
        className="css-1oe1md6"
      />
      <div
        className="css-1oe1md6"
      />
      <div
        className="css-1oe1md6"
      />
      <div
        className="css-1oe1md6"
      />
      <div
        className="css-1oe1md6"
      />
      <div
        className="css-1oe1md6"
      />
      <div
        className="css-1oe1md6"
      />
      <div
        className="css-1oe1md6"
      />
      <div
        className="css-1oe1md6"
      />
      <div
        className="css-1oe1md6"
      />
      <div
        className="css-1oe1md6"
      />
      <div
        className="css-1oe1md6"
      />
      <div
        className="css-1oe1md6"
      />
      <div
        className="css-1oe1md6"
      />
      <div
        className="css-1oe1md6"
      />
      <div
        className="css-1oe1md6"
      />
      <div
        className="css-1oe1md6"
      />
      <div
        className="css-1oe1md6"
      />
      <div
        className="css-1oe1md6"
      />
      <div
        className="css-1oe1md6"
      />
      <div
        className="css-1oe1md6"
      />
      <div
        className="css-1oe1md6"
      />
      <div
        className="css-1oe1md6"
      />
      <div
        className="css-1oe1md6"
      />
      <div
        className="css-1oe1md6"
      />
      <div
        className="css-1oe1md6"
      />
      <div
        className="css-1oe1md6"
      />
      <div
        className="css-1oe1md6"
      />
      <div
        className="css-1oe1md6"
      />
      <div
        className="css-1oe1md6"
      />
      <div
        className="css-1oe1md6"
      />
      <div
        className="css-1oe1md6"
      />
      <div
        className="css-1oe1md6"
      />
      <div
        className="css-1oe1md6"
      />
      <div
        className="css-1oe1md6"
      />
      <div
        className="css-1oe1md6"
      />
      <div
        className="css-1oe1md6"
      />
      <div
        className="css-1oe1md6"
      />
      <div
        className="css-1oe1md6"
      />
      <div
        className="css-1oe1md6"
      />
      <div
        className="css-1oe1md6"
      />
      <div
        className="css-1oe1md6"
      />
      <div
        className="css-1oe1md6"
      />
      <div
        className="css-1oe1md6"
      />
      <div
        className="css-1oe1md6"
      />
      <div
        className="css-1oe1md6"
      />
      <div
        className="css-1oe1md6"
      />
      <div
        className="css-1oe1md6"
      />
      <div
        className="css-1oe1md6"
      />
      <div
        className="css-1oe1md6"
      />
      <div
        className="css-1oe1md6"
      />
      <div
        className="css-1oe1md6"
      />
      <div
        className="css-1oe1md6"
      />
      <div
        className="css-1oe1md6"
      />
      <div
        className="css-1oe1md6"
      />
      <div
        className="css-1oe1md6"
      />
      <div
        className="css-1oe1md6"
      />
      <div
        className="css-1oe1md6"
      />
      <div
        className="css-1oe1md6"
      />
      <div
        className="css-1oe1md6"
      />
      <div
        className="css-1oe1md6"
      />
      <div
        className="css-1oe1md6"
      />
      <div
        className="css-1oe1md6"
      />
      <div
        className="css-1oe1md6"
      />
      <div
        className="css-1oe1md6"
      />
      <div
        className="css-1oe1md6"
      />
      <div
        className="css-1oe1md6"
      />
      <div
        className="css-1oe1md6"
      />
      <div
        className="css-1oe1md6"
      />
      <div
        className="css-1oe1md6"
      />
      <div
        className="css-1oe1md6"
      />
      <div
        className="css-1oe1md6"
      />
      <div
        className="css-1oe1md6"
      />
      <div
        className="css-1oe1md6"
      />
      <div
        className="css-1oe1md6"
      />
      <div
        className="css-1oe1md6"
      />
      <div
        className="css-1oe1md6"
      />
      <div
        className="css-1oe1md6"
      />
    </div>
  </div>
</div>
`;

exports[`ContributionGraph Component matches the loading state snapshot 1`] = `
<div
  className="css-lnnjou"
>
  <h3
    className="css-174rnww"
  >
    Contribution Graph
  </h3>
  <div
    className="css-dqblq9"
    style={
      {
        "overflow": "hidden",
      }
    }
  >
    <p
      className="css-1qwovgy"
    >
      Loading contribution data...
    </p>
    <div
      className="css-1oal0qm"
    >
      <div
        className="css-1oe1md6"
      />
      <div
        className="css-1oe1md6"
      />
      <div
        className="css-1oe1md6"
      />
      <div
        className="css-1oe1md6"
      />
      <div
        className="css-1oe1md6"
      />
      <div
        className="css-1oe1md6"
      />
      <div
        className="css-1oe1md6"
      />
      <div
        className="css-1oe1md6"
      />
      <div
        className="css-1oe1md6"
      />
      <div
        className="css-1oe1md6"
      />
      <div
        className="css-1oe1md6"
      />
      <div
        className="css-1oe1md6"
      />
      <div
        className="css-1oe1md6"
      />
      <div
        className="css-1oe1md6"
      />
      <div
        className="css-1oe1md6"
      />
      <div
        className="css-1oe1md6"
      />
      <div
        className="css-1oe1md6"
      />
      <div
        className="css-1oe1md6"
      />
      <div
        className="css-1oe1md6"
      />
      <div
        className="css-1oe1md6"
      />
      <div
        className="css-1oe1md6"
      />
      <div
        className="css-1oe1md6"
      />
      <div
        className="css-1oe1md6"
      />
      <div
        className="css-1oe1md6"
      />
      <div
        className="css-1oe1md6"
      />
      <div
        className="css-1oe1md6"
      />
      <div
        className="css-1oe1md6"
      />
      <div
        className="css-1oe1md6"
      />
      <div
        className="css-1oe1md6"
      />
      <div
        className="css-1oe1md6"
      />
      <div
        className="css-1oe1md6"
      />
      <div
        className="css-1oe1md6"
      />
      <div
        className="css-1oe1md6"
      />
      <div
        className="css-1oe1md6"
      />
      <div
        className="css-1oe1md6"
      />
      <div
        className="css-1oe1md6"
      />
      <div
        className="css-1oe1md6"
      />
      <div
        className="css-1oe1md6"
      />
      <div
        className="css-1oe1md6"
      />
      <div
        className="css-1oe1md6"
      />
      <div
        className="css-1oe1md6"
      />
      <div
        className="css-1oe1md6"
      />
      <div
        className="css-1oe1md6"
      />
      <div
        className="css-1oe1md6"
      />
      <div
        className="css-1oe1md6"
      />
      <div
        className="css-1oe1md6"
      />
      <div
        className="css-1oe1md6"
      />
      <div
        className="css-1oe1md6"
      />
      <div
        className="css-1oe1md6"
      />
      <div
        className="css-1oe1md6"
      />
      <div
        className="css-1oe1md6"
      />
      <div
        className="css-1oe1md6"
      />
      <div
        className="css-1oe1md6"
      />
      <div
        className="css-1oe1md6"
      />
      <div
        className="css-1oe1md6"
      />
      <div
        className="css-1oe1md6"
      />
      <div
        className="css-1oe1md6"
      />
      <div
        className="css-1oe1md6"
      />
      <div
        className="css-1oe1md6"
      />
      <div
        className="css-1oe1md6"
      />
      <div
        className="css-1oe1md6"
      />
      <div
        className="css-1oe1md6"
      />
      <div
        className="css-1oe1md6"
      />
      <div
        className="css-1oe1md6"
      />
      <div
        className="css-1oe1md6"
      />
      <div
        className="css-1oe1md6"
      />
      <div
        className="css-1oe1md6"
      />
      <div
        className="css-1oe1md6"
      />
      <div
        className="css-1oe1md6"
      />
      <div
        className="css-1oe1md6"
      />
      <div
        className="css-1oe1md6"
      />
      <div
        className="css-1oe1md6"
      />
      <div
        className="css-1oe1md6"
      />
      <div
        className="css-1oe1md6"
      />
      <div
        className="css-1oe1md6"
      />
      <div
        className="css-1oe1md6"
      />
      <div
        className="css-1oe1md6"
      />
      <div
        className="css-1oe1md6"
      />
      <div
        className="css-1oe1md6"
      />
      <div
        className="css-1oe1md6"
      />
      <div
        className="css-1oe1md6"
      />
      <div
        className="css-1oe1md6"
      />
      <div
        className="css-1oe1md6"
      />
      <div
        className="css-1oe1md6"
      />
      <div
        className="css-1oe1md6"
      />
      <div
        className="css-1oe1md6"
      />
      <div
        className="css-1oe1md6"
      />
      <div
        className="css-1oe1md6"
      />
      <div
        className="css-1oe1md6"
      />
      <div
        className="css-1oe1md6"
      />
      <div
        className="css-1oe1md6"
      />
      <div
        className="css-1oe1md6"
      />
      <div
        className="css-1oe1md6"
      />
      <div
        className="css-1oe1md6"
      />
      <div
        className="css-1oe1md6"
      />
      <div
        className="css-1oe1md6"
      />
      <div
        className="css-1oe1md6"
      />
      <div
        className="css-1oe1md6"
      />
      <div
        className="css-1oe1md6"
      />
      <div
        className="css-1oe1md6"
      />
      <div
        className="css-1oe1md6"
      />
      <div
        className="css-1oe1md6"
      />
      <div
        className="css-1oe1md6"
      />
      <div
        className="css-1oe1md6"
      />
      <div
        className="css-1oe1md6"
      />
      <div
        className="css-1oe1md6"
      />
      <div
        className="css-1oe1md6"
      />
      <div
        className="css-1oe1md6"
      />
      <div
        className="css-1oe1md6"
      />
      <div
        className="css-1oe1md6"
      />
      <div
        className="css-1oe1md6"
      />
      <div
        className="css-1oe1md6"
      />
      <div
        className="css-1oe1md6"
      />
      <div
        className="css-1oe1md6"
      />
      <div
        className="css-1oe1md6"
      />
      <div
        className="css-1oe1md6"
      />
      <div
        className="css-1oe1md6"
      />
      <div
        className="css-1oe1md6"
      />
      <div
        className="css-1oe1md6"
      />
      <div
        className="css-1oe1md6"
      />
      <div
        className="css-1oe1md6"
      />
      <div
        className="css-1oe1md6"
      />
      <div
        className="css-1oe1md6"
      />
      <div
        className="css-1oe1md6"
      />
      <div
        className="css-1oe1md6"
      />
      <div
        className="css-1oe1md6"
      />
      <div
        className="css-1oe1md6"
      />
      <div
        className="css-1oe1md6"
      />
      <div
        className="css-1oe1md6"
      />
      <div
        className="css-1oe1md6"
      />
      <div
        className="css-1oe1md6"
      />
      <div
        className="css-1oe1md6"
      />
      <div
        className="css-1oe1md6"
      />
      <div
        className="css-1oe1md6"
      />
      <div
        className="css-1oe1md6"
      />
      <div
        className="css-1oe1md6"
      />
      <div
        className="css-1oe1md6"
      />
      <div
        className="css-1oe1md6"
      />
      <div
        className="css-1oe1md6"
      />
      <div
        className="css-1oe1md6"
      />
      <div
        className="css-1oe1md6"
      />
      <div
        className="css-1oe1md6"
      />
      <div
        className="css-1oe1md6"
      />
      <div
        className="css-1oe1md6"
      />
      <div
        className="css-1oe1md6"
      />
      <div
        className="css-1oe1md6"
      />
      <div
        className="css-1oe1md6"
      />
      <div
        className="css-1oe1md6"
      />
      <div
        className="css-1oe1md6"
      />
      <div
        className="css-1oe1md6"
      />
      <div
        className="css-1oe1md6"
      />
      <div
        className="css-1oe1md6"
      />
      <div
        className="css-1oe1md6"
      />
      <div
        className="css-1oe1md6"
      />
      <div
        className="css-1oe1md6"
      />
      <div
        className="css-1oe1md6"
      />
      <div
        className="css-1oe1md6"
      />
      <div
        className="css-1oe1md6"
      />
      <div
        className="css-1oe1md6"
      />
      <div
        className="css-1oe1md6"
      />
      <div
        className="css-1oe1md6"
      />
      <div
        className="css-1oe1md6"
      />
      <div
        className="css-1oe1md6"
      />
      <div
        className="css-1oe1md6"
      />
      <div
        className="css-1oe1md6"
      />
      <div
        className="css-1oe1md6"
      />
      <div
        className="css-1oe1md6"
      />
      <div
        className="css-1oe1md6"
      />
      <div
        className="css-1oe1md6"
      />
      <div
        className="css-1oe1md6"
      />
      <div
        className="css-1oe1md6"
      />
      <div
        className="css-1oe1md6"
      />
      <div
        className="css-1oe1md6"
      />
      <div
        className="css-1oe1md6"
      />
      <div
        className="css-1oe1md6"
      />
      <div
        className="css-1oe1md6"
      />
      <div
        className="css-1oe1md6"
      />
      <div
        className="css-1oe1md6"
      />
      <div
        className="css-1oe1md6"
      />
      <div
        className="css-1oe1md6"
      />
      <div
        className="css-1oe1md6"
      />
      <div
        className="css-1oe1md6"
      />
      <div
        className="css-1oe1md6"
      />
      <div
        className="css-1oe1md6"
      />
      <div
        className="css-1oe1md6"
      />
      <div
        className="css-1oe1md6"
      />
      <div
        className="css-1oe1md6"
      />
      <div
        className="css-1oe1md6"
      />
      <div
        className="css-1oe1md6"
      />
      <div
        className="css-1oe1md6"
      />
      <div
        className="css-1oe1md6"
      />
      <div
        className="css-1oe1md6"
      />
      <div
        className="css-1oe1md6"
      />
      <div
        className="css-1oe1md6"
      />
      <div
        className="css-1oe1md6"
      />
      <div
        className="css-1oe1md6"
      />
      <div
        className="css-1oe1md6"
      />
      <div
        className="css-1oe1md6"
      />
      <div
        className="css-1oe1md6"
      />
      <div
        className="css-1oe1md6"
      />
      <div
        className="css-1oe1md6"
      />
      <div
        className="css-1oe1md6"
      />
      <div
        className="css-1oe1md6"
      />
      <div
        className="css-1oe1md6"
      />
      <div
        className="css-1oe1md6"
      />
      <div
        className="css-1oe1md6"
      />
      <div
        className="css-1oe1md6"
      />
      <div
        className="css-1oe1md6"
      />
      <div
        className="css-1oe1md6"
      />
      <div
        className="css-1oe1md6"
      />
      <div
        className="css-1oe1md6"
      />
      <div
        className="css-1oe1md6"
      />
      <div
        className="css-1oe1md6"
      />
      <div
        className="css-1oe1md6"
      />
      <div
        className="css-1oe1md6"
      />
      <div
        className="css-1oe1md6"
      />
      <div
        className="css-1oe1md6"
      />
      <div
        className="css-1oe1md6"
      />
      <div
        className="css-1oe1md6"
      />
      <div
        className="css-1oe1md6"
      />
      <div
        className="css-1oe1md6"
      />
      <div
        className="css-1oe1md6"
      />
      <div
        className="css-1oe1md6"
      />
      <div
        className="css-1oe1md6"
      />
      <div
        className="css-1oe1md6"
      />
      <div
        className="css-1oe1md6"
      />
      <div
        className="css-1oe1md6"
      />
      <div
        className="css-1oe1md6"
      />
      <div
        className="css-1oe1md6"
      />
      <div
        className="css-1oe1md6"
      />
      <div
        className="css-1oe1md6"
      />
      <div
        className="css-1oe1md6"
      />
      <div
        className="css-1oe1md6"
      />
      <div
        className="css-1oe1md6"
      />
      <div
        className="css-1oe1md6"
      />
      <div
        className="css-1oe1md6"
      />
      <div
        className="css-1oe1md6"
      />
      <div
        className="css-1oe1md6"
      />
      <div
        className="css-1oe1md6"
      />
      <div
        className="css-1oe1md6"
      />
      <div
        className="css-1oe1md6"
      />
      <div
        className="css-1oe1md6"
      />
      <div
        className="css-1oe1md6"
      />
      <div
        className="css-1oe1md6"
      />
      <div
        className="css-1oe1md6"
      />
      <div
        className="css-1oe1md6"
      />
      <div
        className="css-1oe1md6"
      />
      <div
        className="css-1oe1md6"
      />
      <div
        className="css-1oe1md6"
      />
      <div
        className="css-1oe1md6"
      />
      <div
        className="css-1oe1md6"
      />
      <div
        className="css-1oe1md6"
      />
      <div
        className="css-1oe1md6"
      />
      <div
        className="css-1oe1md6"
      />
      <div
        className="css-1oe1md6"
      />
      <div
        className="css-1oe1md6"
      />
      <div
        className="css-1oe1md6"
      />
      <div
        className="css-1oe1md6"
      />
      <div
        className="css-1oe1md6"
      />
      <div
        className="css-1oe1md6"
      />
      <div
        className="css-1oe1md6"
      />
      <div
        className="css-1oe1md6"
      />
      <div
        className="css-1oe1md6"
      />
      <div
        className="css-1oe1md6"
      />
      <div
        className="css-1oe1md6"
      />
      <div
        className="css-1oe1md6"
      />
      <div
        className="css-1oe1md6"
      />
      <div
        className="css-1oe1md6"
      />
      <div
        className="css-1oe1md6"
      />
      <div
        className="css-1oe1md6"
      />
      <div
        className="css-1oe1md6"
      />
      <div
        className="css-1oe1md6"
      />
      <div
        className="css-1oe1md6"
      />
      <div
        className="css-1oe1md6"
      />
      <div
        className="css-1oe1md6"
      />
      <div
        className="css-1oe1md6"
      />
      <div
        className="css-1oe1md6"
      />
      <div
        className="css-1oe1md6"
      />
      <div
        className="css-1oe1md6"
      />
      <div
        className="css-1oe1md6"
      />
      <div
        className="css-1oe1md6"
      />
      <div
        className="css-1oe1md6"
      />
      <div
        className="css-1oe1md6"
      />
      <div
        className="css-1oe1md6"
      />
      <div
        className="css-1oe1md6"
      />
      <div
        className="css-1oe1md6"
      />
      <div
        className="css-1oe1md6"
      />
      <div
        className="css-1oe1md6"
      />
      <div
        className="css-1oe1md6"
      />
      <div
        className="css-1oe1md6"
      />
      <div
        className="css-1oe1md6"
      />
      <div
        className="css-1oe1md6"
      />
      <div
        className="css-1oe1md6"
      />
      <div
        className="css-1oe1md6"
      />
      <div
        className="css-1oe1md6"
      />
      <div
        className="css-1oe1md6"
      />
      <div
        className="css-1oe1md6"
      />
      <div
        className="css-1oe1md6"
      />
      <div
        className="css-1oe1md6"
      />
      <div
        className="css-1oe1md6"
      />
      <div
        className="css-1oe1md6"
      />
      <div
        className="css-1oe1md6"
      />
      <div
        className="css-1oe1md6"
      />
      <div
        className="css-1oe1md6"
      />
      <div
        className="css-1oe1md6"
      />
      <div
        className="css-1oe1md6"
      />
      <div
        className="css-1oe1md6"
      />
      <div
        className="css-1oe1md6"
      />
      <div
        className="css-1oe1md6"
      />
      <div
        className="css-1oe1md6"
      />
      <div
        className="css-1oe1md6"
      />
      <div
        className="css-1oe1md6"
      />
      <div
        className="css-1oe1md6"
      />
      <div
        className="css-1oe1md6"
      />
      <div
        className="css-1oe1md6"
      />
      <div
        className="css-1oe1md6"
      />
      <div
        className="css-1oe1md6"
      />
      <div
        className="css-1oe1md6"
      />
      <div
        className="css-1oe1md6"
      />
      <div
        className="css-1oe1md6"
      />
      <div
        className="css-1oe1md6"
      />
      <div
        className="css-1oe1md6"
      />
      <div
        className="css-1oe1md6"
      />
      <div
        className="css-1oe1md6"
      />
      <div
        className="css-1oe1md6"
      />
      <div
        className="css-1oe1md6"
      />
      <div
        className="css-1oe1md6"
      />
      <div
        className="css-1oe1md6"
      />
      <div
        className="css-1oe1md6"
      />
      <div
        className="css-1oe1md6"
      />
      <div
        className="css-1oe1md6"
      />
      <div
        className="css-1oe1md6"
      />
      <div
        className="css-1oe1md6"
      />
      <div
        className="css-1oe1md6"
      />
      <div
        className="css-1oe1md6"
      />
      <div
        className="css-1oe1md6"
      />
      <div
        className="css-1oe1md6"
      />
      <div
        className="css-1oe1md6"
      />
      <div
        className="css-1oe1md6"
      />
      <div
        className="css-1oe1md6"
      />
      <div
        className="css-1oe1md6"
      />
      <div
        className="css-1oe1md6"
      />
      <div
        className="css-1oe1md6"
      />
      <div
        className="css-1oe1md6"
      />
      <div
        className="css-1oe1md6"
      />
      <div
        className="css-1oe1md6"
      />
      <div
        className="css-1oe1md6"
      />
      <div
        className="css-1oe1md6"
      />
      <div
        className="css-1oe1md6"
      />
      <div
        className="css-1oe1md6"
      />
      <div
        className="css-1oe1md6"
      />
      <div
        className="css-1oe1md6"
      />
      <div
        className="css-1oe1md6"
      />
      <div
        className="css-1oe1md6"
      />
      <div
        className="css-1oe1md6"
      />
      <div
        className="css-1oe1md6"
      />
      <div
        className="css-1oe1md6"
      />
      <div
        className="css-1oe1md6"
      />
      <div
        className="css-1oe1md6"
      />
      <div
        className="css-1oe1md6"
      />
      <div
        className="css-1oe1md6"
      />
      <div
        className="css-1oe1md6"
      />
      <div
        className="css-1oe1md6"
      />
      <div
        className="css-1oe1md6"
      />
      <div
        className="css-1oe1md6"
      />
    </div>
  </div>
</div>
`;

exports[`ContributionGraph Component matches the successful state snapshot 1`] = `
<div
  className="css-1yax49l"
>
  <h3
    className="css-uyljfj"
  >
    Contribution Graph
  </h3>
  <div
    className="css-dqblq9"
  >
    <p
      className="css-nfwjx8"
    >
      487
       contributions in the last year
    </p>
    <div
      className="css-10kqyow"
      style={
        {
          "contain": "inline-size",
          "maxWidth": "100%",
          "minWidth": "0",
          "overflow": "hidden",
          "width": "100%",
        }
      }
    >
      <div
        className="css-u4nsmq"
        style={
          {
            "display": "flex",
            "maxWidth": "100%",
            "minWidth": "0",
            "overflow": "hidden",
            "position": "relative",
          }
        }
      >
        <div
          className="css-83rzot"
        >
          <div
            className="css-16kxfna"
          >
            Mon
          </div>
          <div
            className="css-ad35aq"
          >
            Wed
          </div>
          <div
            className="css-1rgyw9g"
          >
            Fri
          </div>
        </div>
        <div
          className="css-1cbsg9f"
          style={
            {
              "WebkitOverflowScrolling": "touch",
              "contain": "inline-size",
              "flex": "1",
              "maxWidth": "100%",
              "minWidth": "0",
              "overflowX": "auto",
              "overflowY": "visible",
            }
          }
        >
          <div
            className="css-1zugrk"
          />
          <div
            className="css-bes6qg"
          >
            <div
              className="cell-hidden css-mv75v1"
              title="0 contributions on Saturday, November 9, 2024"
            />
            <div
              className="cell-hidden css-7ulxx8"
              title="0 contributions on Sunday, November 3, 2024"
            />
            <div
              className="cell-hidden css-5ozxn2"
              title="1 contribution on Monday, November 4, 2024"
            />
            <div
              className="cell-hidden css-1e84h3h"
              title="5 contributions on Tuesday, November 5, 2024"
            />
            <div
              className="cell-hidden css-1wn25o2"
              title="0 contributions on Wednesday, November 6, 2024"
            />
            <div
              className="cell-hidden css-15pouz5"
              title="0 contributions on Thursday, November 7, 2024"
            />
            <div
              className="cell-hidden css-7b3nnl"
              title="0 contributions on Friday, November 8, 2024"
            />
          </div>
        </div>
      </div>
    </div>
    <div
      className="css-1ts1diq"
    >
      <div
        className="css-1mkj686"
        component="span"
      >
        Less
      </div>
      <div
        className="css-1amotyw"
      >
        <div
          className="css-12cdg2e"
        />
        <div
          className="css-1kmbtpt"
        />
        <div
          className="css-yqvrcy"
        />
        <div
          className="css-jasgxx"
        />
        <div
          className="css-1y5li3y"
        />
      </div>
      <div
        className="css-8swnhh"
        component="span"
      >
        More
      </div>
    </div>
  </div>
  <style>
    
          @keyframes pulse {
            0%, 100% {
              opacity: 1;
            }
            50% {
              opacity: 0.8;
            }
          }
        
  </style>
</div>
`;
