// Jest Snapshot v1, https://jestjs.io/docs/snapshot-testing

exports[`ContributionGraph Component matches the empty state snapshot 1`] = `null`;

exports[`ContributionGraph Component matches the loading state snapshot 1`] = `null`;

exports[`ContributionGraph Component matches the successful state snapshot 1`] = `null`;
