// Jest Snapshot v1, https://jestjs.io/docs/snapshot-testing

exports[`ContributionGraph Component matches the empty state snapshot 1`] = `
<DocumentFragment>
  <div
    class="css-lnnjou"
  >
    <h3
      class="css-174rnww"
    >
      Contribution Graph
    </h3>
    <div
      class="css-zl6176"
      style="overflow: hidden;"
    >
      <p
        class="css-1qwovgy"
      >
        Loading contribution data...
      </p>
      <div
        class="css-1oal0qm"
      >
        <div
          class="css-1oe1md6"
        />
        <div
          class="css-1oe1md6"
        />
        <div
          class="css-1oe1md6"
        />
        <div
          class="css-1oe1md6"
        />
        <div
          class="css-1oe1md6"
        />
        <div
          class="css-1oe1md6"
        />
        <div
          class="css-1oe1md6"
        />
        <div
          class="css-1oe1md6"
        />
        <div
          class="css-1oe1md6"
        />
        <div
          class="css-1oe1md6"
        />
        <div
          class="css-1oe1md6"
        />
        <div
          class="css-1oe1md6"
        />
        <div
          class="css-1oe1md6"
        />
        <div
          class="css-1oe1md6"
        />
        <div
          class="css-1oe1md6"
        />
        <div
          class="css-1oe1md6"
        />
        <div
          class="css-1oe1md6"
        />
        <div
          class="css-1oe1md6"
        />
        <div
          class="css-1oe1md6"
        />
        <div
          class="css-1oe1md6"
        />
        <div
          class="css-1oe1md6"
        />
        <div
          class="css-1oe1md6"
        />
        <div
          class="css-1oe1md6"
        />
        <div
          class="css-1oe1md6"
        />
        <div
          class="css-1oe1md6"
        />
        <div
          class="css-1oe1md6"
        />
        <div
          class="css-1oe1md6"
        />
        <div
          class="css-1oe1md6"
        />
        <div
          class="css-1oe1md6"
        />
        <div
          class="css-1oe1md6"
        />
        <div
          class="css-1oe1md6"
        />
        <div
          class="css-1oe1md6"
        />
        <div
          class="css-1oe1md6"
        />
        <div
          class="css-1oe1md6"
        />
        <div
          class="css-1oe1md6"
        />
        <div
          class="css-1oe1md6"
        />
        <div
          class="css-1oe1md6"
        />
        <div
          class="css-1oe1md6"
        />
        <div
          class="css-1oe1md6"
        />
        <div
          class="css-1oe1md6"
        />
        <div
          class="css-1oe1md6"
        />
        <div
          class="css-1oe1md6"
        />
        <div
          class="css-1oe1md6"
        />
        <div
          class="css-1oe1md6"
        />
        <div
          class="css-1oe1md6"
        />
        <div
          class="css-1oe1md6"
        />
        <div
          class="css-1oe1md6"
        />
        <div
          class="css-1oe1md6"
        />
        <div
          class="css-1oe1md6"
        />
        <div
          class="css-1oe1md6"
        />
        <div
          class="css-1oe1md6"
        />
        <div
          class="css-1oe1md6"
        />
        <div
          class="css-1oe1md6"
        />
        <div
          class="css-1oe1md6"
        />
        <div
          class="css-1oe1md6"
        />
        <div
          class="css-1oe1md6"
        />
        <div
          class="css-1oe1md6"
        />
        <div
          class="css-1oe1md6"
        />
        <div
          class="css-1oe1md6"
        />
        <div
          class="css-1oe1md6"
        />
        <div
          class="css-1oe1md6"
        />
        <div
          class="css-1oe1md6"
        />
        <div
          class="css-1oe1md6"
        />
        <div
          class="css-1oe1md6"
        />
        <div
          class="css-1oe1md6"
        />
        <div
          class="css-1oe1md6"
        />
        <div
          class="css-1oe1md6"
        />
        <div
          class="css-1oe1md6"
        />
        <div
          class="css-1oe1md6"
        />
        <div
          class="css-1oe1md6"
        />
        <div
          class="css-1oe1md6"
        />
        <div
          class="css-1oe1md6"
        />
        <div
          class="css-1oe1md6"
        />
        <div
          class="css-1oe1md6"
        />
        <div
          class="css-1oe1md6"
        />
        <div
          class="css-1oe1md6"
        />
        <div
          class="css-1oe1md6"
        />
        <div
          class="css-1oe1md6"
        />
        <div
          class="css-1oe1md6"
        />
        <div
          class="css-1oe1md6"
        />
        <div
          class="css-1oe1md6"
        />
        <div
          class="css-1oe1md6"
        />
        <div
          class="css-1oe1md6"
        />
        <div
          class="css-1oe1md6"
        />
        <div
          class="css-1oe1md6"
        />
        <div
          class="css-1oe1md6"
        />
        <div
          class="css-1oe1md6"
        />
        <div
          class="css-1oe1md6"
        />
        <div
          class="css-1oe1md6"
        />
        <div
          class="css-1oe1md6"
        />
        <div
          class="css-1oe1md6"
        />
        <div
          class="css-1oe1md6"
        />
        <div
          class="css-1oe1md6"
        />
        <div
          class="css-1oe1md6"
        />
        <div
          class="css-1oe1md6"
        />
        <div
          class="css-1oe1md6"
        />
        <div
          class="css-1oe1md6"
        />
        <div
          class="css-1oe1md6"
        />
        <div
          class="css-1oe1md6"
        />
        <div
          class="css-1oe1md6"
        />
        <div
          class="css-1oe1md6"
        />
        <div
          class="css-1oe1md6"
        />
        <div
          class="css-1oe1md6"
        />
        <div
          class="css-1oe1md6"
        />
        <div
          class="css-1oe1md6"
        />
        <div
          class="css-1oe1md6"
        />
        <div
          class="css-1oe1md6"
        />
        <div
          class="css-1oe1md6"
        />
        <div
          class="css-1oe1md6"
        />
        <div
          class="css-1oe1md6"
        />
        <div
          class="css-1oe1md6"
        />
        <div
          class="css-1oe1md6"
        />
        <div
          class="css-1oe1md6"
        />
        <div
          class="css-1oe1md6"
        />
        <div
          class="css-1oe1md6"
        />
        <div
          class="css-1oe1md6"
        />
        <div
          class="css-1oe1md6"
        />
        <div
          class="css-1oe1md6"
        />
        <div
          class="css-1oe1md6"
        />
        <div
          class="css-1oe1md6"
        />
        <div
          class="css-1oe1md6"
        />
        <div
          class="css-1oe1md6"
        />
        <div
          class="css-1oe1md6"
        />
        <div
          class="css-1oe1md6"
        />
        <div
          class="css-1oe1md6"
        />
        <div
          class="css-1oe1md6"
        />
        <div
          class="css-1oe1md6"
        />
        <div
          class="css-1oe1md6"
        />
        <div
          class="css-1oe1md6"
        />
        <div
          class="css-1oe1md6"
        />
        <div
          class="css-1oe1md6"
        />
        <div
          class="css-1oe1md6"
        />
        <div
          class="css-1oe1md6"
        />
        <div
          class="css-1oe1md6"
        />
        <div
          class="css-1oe1md6"
        />
        <div
          class="css-1oe1md6"
        />
        <div
          class="css-1oe1md6"
        />
        <div
          class="css-1oe1md6"
        />
        <div
          class="css-1oe1md6"
        />
        <div
          class="css-1oe1md6"
        />
        <div
          class="css-1oe1md6"
        />
        <div
          class="css-1oe1md6"
        />
        <div
          class="css-1oe1md6"
        />
        <div
          class="css-1oe1md6"
        />
        <div
          class="css-1oe1md6"
        />
        <div
          class="css-1oe1md6"
        />
        <div
          class="css-1oe1md6"
        />
        <div
          class="css-1oe1md6"
        />
        <div
          class="css-1oe1md6"
        />
        <div
          class="css-1oe1md6"
        />
        <div
          class="css-1oe1md6"
        />
        <div
          class="css-1oe1md6"
        />
        <div
          class="css-1oe1md6"
        />
        <div
          class="css-1oe1md6"
        />
        <div
          class="css-1oe1md6"
        />
        <div
          class="css-1oe1md6"
        />
        <div
          class="css-1oe1md6"
        />
        <div
          class="css-1oe1md6"
        />
        <div
          class="css-1oe1md6"
        />
        <div
          class="css-1oe1md6"
        />
        <div
          class="css-1oe1md6"
        />
        <div
          class="css-1oe1md6"
        />
        <div
          class="css-1oe1md6"
        />
        <div
          class="css-1oe1md6"
        />
        <div
          class="css-1oe1md6"
        />
        <div
          class="css-1oe1md6"
        />
        <div
          class="css-1oe1md6"
        />
        <div
          class="css-1oe1md6"
        />
        <div
          class="css-1oe1md6"
        />
        <div
          class="css-1oe1md6"
        />
        <div
          class="css-1oe1md6"
        />
        <div
          class="css-1oe1md6"
        />
        <div
          class="css-1oe1md6"
        />
        <div
          class="css-1oe1md6"
        />
        <div
          class="css-1oe1md6"
        />
        <div
          class="css-1oe1md6"
        />
        <div
          class="css-1oe1md6"
        />
        <div
          class="css-1oe1md6"
        />
        <div
          class="css-1oe1md6"
        />
        <div
          class="css-1oe1md6"
        />
        <div
          class="css-1oe1md6"
        />
        <div
          class="css-1oe1md6"
        />
        <div
          class="css-1oe1md6"
        />
        <div
          class="css-1oe1md6"
        />
        <div
          class="css-1oe1md6"
        />
        <div
          class="css-1oe1md6"
        />
        <div
          class="css-1oe1md6"
        />
        <div
          class="css-1oe1md6"
        />
        <div
          class="css-1oe1md6"
        />
        <div
          class="css-1oe1md6"
        />
        <div
          class="css-1oe1md6"
        />
        <div
          class="css-1oe1md6"
        />
        <div
          class="css-1oe1md6"
        />
        <div
          class="css-1oe1md6"
        />
        <div
          class="css-1oe1md6"
        />
        <div
          class="css-1oe1md6"
        />
        <div
          class="css-1oe1md6"
        />
        <div
          class="css-1oe1md6"
        />
        <div
          class="css-1oe1md6"
        />
        <div
          class="css-1oe1md6"
        />
        <div
          class="css-1oe1md6"
        />
        <div
          class="css-1oe1md6"
        />
        <div
          class="css-1oe1md6"
        />
        <div
          class="css-1oe1md6"
        />
        <div
          class="css-1oe1md6"
        />
        <div
          class="css-1oe1md6"
        />
        <div
          class="css-1oe1md6"
        />
        <div
          class="css-1oe1md6"
        />
        <div
          class="css-1oe1md6"
        />
        <div
          class="css-1oe1md6"
        />
        <div
          class="css-1oe1md6"
        />
        <div
          class="css-1oe1md6"
        />
        <div
          class="css-1oe1md6"
        />
        <div
          class="css-1oe1md6"
        />
        <div
          class="css-1oe1md6"
        />
        <div
          class="css-1oe1md6"
        />
        <div
          class="css-1oe1md6"
        />
        <div
          class="css-1oe1md6"
        />
        <div
          class="css-1oe1md6"
        />
        <div
          class="css-1oe1md6"
        />
        <div
          class="css-1oe1md6"
        />
        <div
          class="css-1oe1md6"
        />
        <div
          class="css-1oe1md6"
        />
        <div
          class="css-1oe1md6"
        />
        <div
          class="css-1oe1md6"
        />
        <div
          class="css-1oe1md6"
        />
        <div
          class="css-1oe1md6"
        />
        <div
          class="css-1oe1md6"
        />
        <div
          class="css-1oe1md6"
        />
        <div
          class="css-1oe1md6"
        />
        <div
          class="css-1oe1md6"
        />
        <div
          class="css-1oe1md6"
        />
        <div
          class="css-1oe1md6"
        />
        <div
          class="css-1oe1md6"
        />
        <div
          class="css-1oe1md6"
        />
        <div
          class="css-1oe1md6"
        />
        <div
          class="css-1oe1md6"
        />
        <div
          class="css-1oe1md6"
        />
        <div
          class="css-1oe1md6"
        />
        <div
          class="css-1oe1md6"
        />
        <div
          class="css-1oe1md6"
        />
        <div
          class="css-1oe1md6"
        />
        <div
          class="css-1oe1md6"
        />
        <div
          class="css-1oe1md6"
        />
        <div
          class="css-1oe1md6"
        />
        <div
          class="css-1oe1md6"
        />
        <div
          class="css-1oe1md6"
        />
        <div
          class="css-1oe1md6"
        />
        <div
          class="css-1oe1md6"
        />
        <div
          class="css-1oe1md6"
        />
        <div
          class="css-1oe1md6"
        />
        <div
          class="css-1oe1md6"
        />
        <div
          class="css-1oe1md6"
        />
        <div
          class="css-1oe1md6"
        />
        <div
          class="css-1oe1md6"
        />
        <div
          class="css-1oe1md6"
        />
        <div
          class="css-1oe1md6"
        />
        <div
          class="css-1oe1md6"
        />
        <div
          class="css-1oe1md6"
        />
        <div
          class="css-1oe1md6"
        />
        <div
          class="css-1oe1md6"
        />
        <div
          class="css-1oe1md6"
        />
        <div
          class="css-1oe1md6"
        />
        <div
          class="css-1oe1md6"
        />
        <div
          class="css-1oe1md6"
        />
        <div
          class="css-1oe1md6"
        />
        <div
          class="css-1oe1md6"
        />
        <div
          class="css-1oe1md6"
        />
        <div
          class="css-1oe1md6"
        />
        <div
          class="css-1oe1md6"
        />
        <div
          class="css-1oe1md6"
        />
        <div
          class="css-1oe1md6"
        />
        <div
          class="css-1oe1md6"
        />
        <div
          class="css-1oe1md6"
        />
        <div
          class="css-1oe1md6"
        />
        <div
          class="css-1oe1md6"
        />
        <div
          class="css-1oe1md6"
        />
        <div
          class="css-1oe1md6"
        />
        <div
          class="css-1oe1md6"
        />
        <div
          class="css-1oe1md6"
        />
        <div
          class="css-1oe1md6"
        />
        <div
          class="css-1oe1md6"
        />
        <div
          class="css-1oe1md6"
        />
        <div
          class="css-1oe1md6"
        />
        <div
          class="css-1oe1md6"
        />
        <div
          class="css-1oe1md6"
        />
        <div
          class="css-1oe1md6"
        />
        <div
          class="css-1oe1md6"
        />
        <div
          class="css-1oe1md6"
        />
        <div
          class="css-1oe1md6"
        />
        <div
          class="css-1oe1md6"
        />
        <div
          class="css-1oe1md6"
        />
        <div
          class="css-1oe1md6"
        />
        <div
          class="css-1oe1md6"
        />
        <div
          class="css-1oe1md6"
        />
        <div
          class="css-1oe1md6"
        />
        <div
          class="css-1oe1md6"
        />
        <div
          class="css-1oe1md6"
        />
        <div
          class="css-1oe1md6"
        />
        <div
          class="css-1oe1md6"
        />
        <div
          class="css-1oe1md6"
        />
        <div
          class="css-1oe1md6"
        />
        <div
          class="css-1oe1md6"
        />
        <div
          class="css-1oe1md6"
        />
        <div
          class="css-1oe1md6"
        />
        <div
          class="css-1oe1md6"
        />
        <div
          class="css-1oe1md6"
        />
        <div
          class="css-1oe1md6"
        />
        <div
          class="css-1oe1md6"
        />
        <div
          class="css-1oe1md6"
        />
        <div
          class="css-1oe1md6"
        />
        <div
          class="css-1oe1md6"
        />
        <div
          class="css-1oe1md6"
        />
        <div
          class="css-1oe1md6"
        />
        <div
          class="css-1oe1md6"
        />
        <div
          class="css-1oe1md6"
        />
        <div
          class="css-1oe1md6"
        />
        <div
          class="css-1oe1md6"
        />
        <div
          class="css-1oe1md6"
        />
        <div
          class="css-1oe1md6"
        />
        <div
          class="css-1oe1md6"
        />
        <div
          class="css-1oe1md6"
        />
        <div
          class="css-1oe1md6"
        />
        <div
          class="css-1oe1md6"
        />
        <div
          class="css-1oe1md6"
        />
        <div
          class="css-1oe1md6"
        />
        <div
          class="css-1oe1md6"
        />
        <div
          class="css-1oe1md6"
        />
        <div
          class="css-1oe1md6"
        />
        <div
          class="css-1oe1md6"
        />
        <div
          class="css-1oe1md6"
        />
        <div
          class="css-1oe1md6"
        />
        <div
          class="css-1oe1md6"
        />
        <div
          class="css-1oe1md6"
        />
        <div
          class="css-1oe1md6"
        />
        <div
          class="css-1oe1md6"
        />
        <div
          class="css-1oe1md6"
        />
        <div
          class="css-1oe1md6"
        />
        <div
          class="css-1oe1md6"
        />
        <div
          class="css-1oe1md6"
        />
        <div
          class="css-1oe1md6"
        />
        <div
          class="css-1oe1md6"
        />
        <div
          class="css-1oe1md6"
        />
        <div
          class="css-1oe1md6"
        />
        <div
          class="css-1oe1md6"
        />
        <div
          class="css-1oe1md6"
        />
        <div
          class="css-1oe1md6"
        />
        <div
          class="css-1oe1md6"
        />
        <div
          class="css-1oe1md6"
        />
        <div
          class="css-1oe1md6"
        />
        <div
          class="css-1oe1md6"
        />
        <div
          class="css-1oe1md6"
        />
        <div
          class="css-1oe1md6"
        />
        <div
          class="css-1oe1md6"
        />
        <div
          class="css-1oe1md6"
        />
        <div
          class="css-1oe1md6"
        />
        <div
          class="css-1oe1md6"
        />
        <div
          class="css-1oe1md6"
        />
        <div
          class="css-1oe1md6"
        />
        <div
          class="css-1oe1md6"
        />
        <div
          class="css-1oe1md6"
        />
        <div
          class="css-1oe1md6"
        />
        <div
          class="css-1oe1md6"
        />
        <div
          class="css-1oe1md6"
        />
        <div
          class="css-1oe1md6"
        />
      </div>
    </div>
  </div>
</DocumentFragment>
`;

exports[`ContributionGraph Component matches the loading state snapshot 1`] = `
<DocumentFragment>
  <div
    class="css-lnnjou"
  >
    <h3
      class="css-174rnww"
    >
      Contribution Graph
    </h3>
    <div
      class="css-zl6176"
      style="overflow: hidden;"
    >
      <p
        class="css-1qwovgy"
      >
        Loading contribution data...
      </p>
      <div
        class="css-1oal0qm"
      >
        <div
          class="css-1oe1md6"
        />
        <div
          class="css-1oe1md6"
        />
        <div
          class="css-1oe1md6"
        />
        <div
          class="css-1oe1md6"
        />
        <div
          class="css-1oe1md6"
        />
        <div
          class="css-1oe1md6"
        />
        <div
          class="css-1oe1md6"
        />
        <div
          class="css-1oe1md6"
        />
        <div
          class="css-1oe1md6"
        />
        <div
          class="css-1oe1md6"
        />
        <div
          class="css-1oe1md6"
        />
        <div
          class="css-1oe1md6"
        />
        <div
          class="css-1oe1md6"
        />
        <div
          class="css-1oe1md6"
        />
        <div
          class="css-1oe1md6"
        />
        <div
          class="css-1oe1md6"
        />
        <div
          class="css-1oe1md6"
        />
        <div
          class="css-1oe1md6"
        />
        <div
          class="css-1oe1md6"
        />
        <div
          class="css-1oe1md6"
        />
        <div
          class="css-1oe1md6"
        />
        <div
          class="css-1oe1md6"
        />
        <div
          class="css-1oe1md6"
        />
        <div
          class="css-1oe1md6"
        />
        <div
          class="css-1oe1md6"
        />
        <div
          class="css-1oe1md6"
        />
        <div
          class="css-1oe1md6"
        />
        <div
          class="css-1oe1md6"
        />
        <div
          class="css-1oe1md6"
        />
        <div
          class="css-1oe1md6"
        />
        <div
          class="css-1oe1md6"
        />
        <div
          class="css-1oe1md6"
        />
        <div
          class="css-1oe1md6"
        />
        <div
          class="css-1oe1md6"
        />
        <div
          class="css-1oe1md6"
        />
        <div
          class="css-1oe1md6"
        />
        <div
          class="css-1oe1md6"
        />
        <div
          class="css-1oe1md6"
        />
        <div
          class="css-1oe1md6"
        />
        <div
          class="css-1oe1md6"
        />
        <div
          class="css-1oe1md6"
        />
        <div
          class="css-1oe1md6"
        />
        <div
          class="css-1oe1md6"
        />
        <div
          class="css-1oe1md6"
        />
        <div
          class="css-1oe1md6"
        />
        <div
          class="css-1oe1md6"
        />
        <div
          class="css-1oe1md6"
        />
        <div
          class="css-1oe1md6"
        />
        <div
          class="css-1oe1md6"
        />
        <div
          class="css-1oe1md6"
        />
        <div
          class="css-1oe1md6"
        />
        <div
          class="css-1oe1md6"
        />
        <div
          class="css-1oe1md6"
        />
        <div
          class="css-1oe1md6"
        />
        <div
          class="css-1oe1md6"
        />
        <div
          class="css-1oe1md6"
        />
        <div
          class="css-1oe1md6"
        />
        <div
          class="css-1oe1md6"
        />
        <div
          class="css-1oe1md6"
        />
        <div
          class="css-1oe1md6"
        />
        <div
          class="css-1oe1md6"
        />
        <div
          class="css-1oe1md6"
        />
        <div
          class="css-1oe1md6"
        />
        <div
          class="css-1oe1md6"
        />
        <div
          class="css-1oe1md6"
        />
        <div
          class="css-1oe1md6"
        />
        <div
          class="css-1oe1md6"
        />
        <div
          class="css-1oe1md6"
        />
        <div
          class="css-1oe1md6"
        />
        <div
          class="css-1oe1md6"
        />
        <div
          class="css-1oe1md6"
        />
        <div
          class="css-1oe1md6"
        />
        <div
          class="css-1oe1md6"
        />
        <div
          class="css-1oe1md6"
        />
        <div
          class="css-1oe1md6"
        />
        <div
          class="css-1oe1md6"
        />
        <div
          class="css-1oe1md6"
        />
        <div
          class="css-1oe1md6"
        />
        <div
          class="css-1oe1md6"
        />
        <div
          class="css-1oe1md6"
        />
        <div
          class="css-1oe1md6"
        />
        <div
          class="css-1oe1md6"
        />
        <div
          class="css-1oe1md6"
        />
        <div
          class="css-1oe1md6"
        />
        <div
          class="css-1oe1md6"
        />
        <div
          class="css-1oe1md6"
        />
        <div
          class="css-1oe1md6"
        />
        <div
          class="css-1oe1md6"
        />
        <div
          class="css-1oe1md6"
        />
        <div
          class="css-1oe1md6"
        />
        <div
          class="css-1oe1md6"
        />
        <div
          class="css-1oe1md6"
        />
        <div
          class="css-1oe1md6"
        />
        <div
          class="css-1oe1md6"
        />
        <div
          class="css-1oe1md6"
        />
        <div
          class="css-1oe1md6"
        />
        <div
          class="css-1oe1md6"
        />
        <div
          class="css-1oe1md6"
        />
        <div
          class="css-1oe1md6"
        />
        <div
          class="css-1oe1md6"
        />
        <div
          class="css-1oe1md6"
        />
        <div
          class="css-1oe1md6"
        />
        <div
          class="css-1oe1md6"
        />
        <div
          class="css-1oe1md6"
        />
        <div
          class="css-1oe1md6"
        />
        <div
          class="css-1oe1md6"
        />
        <div
          class="css-1oe1md6"
        />
        <div
          class="css-1oe1md6"
        />
        <div
          class="css-1oe1md6"
        />
        <div
          class="css-1oe1md6"
        />
        <div
          class="css-1oe1md6"
        />
        <div
          class="css-1oe1md6"
        />
        <div
          class="css-1oe1md6"
        />
        <div
          class="css-1oe1md6"
        />
        <div
          class="css-1oe1md6"
        />
        <div
          class="css-1oe1md6"
        />
        <div
          class="css-1oe1md6"
        />
        <div
          class="css-1oe1md6"
        />
        <div
          class="css-1oe1md6"
        />
        <div
          class="css-1oe1md6"
        />
        <div
          class="css-1oe1md6"
        />
        <div
          class="css-1oe1md6"
        />
        <div
          class="css-1oe1md6"
        />
        <div
          class="css-1oe1md6"
        />
        <div
          class="css-1oe1md6"
        />
        <div
          class="css-1oe1md6"
        />
        <div
          class="css-1oe1md6"
        />
        <div
          class="css-1oe1md6"
        />
        <div
          class="css-1oe1md6"
        />
        <div
          class="css-1oe1md6"
        />
        <div
          class="css-1oe1md6"
        />
        <div
          class="css-1oe1md6"
        />
        <div
          class="css-1oe1md6"
        />
        <div
          class="css-1oe1md6"
        />
        <div
          class="css-1oe1md6"
        />
        <div
          class="css-1oe1md6"
        />
        <div
          class="css-1oe1md6"
        />
        <div
          class="css-1oe1md6"
        />
        <div
          class="css-1oe1md6"
        />
        <div
          class="css-1oe1md6"
        />
        <div
          class="css-1oe1md6"
        />
        <div
          class="css-1oe1md6"
        />
        <div
          class="css-1oe1md6"
        />
        <div
          class="css-1oe1md6"
        />
        <div
          class="css-1oe1md6"
        />
        <div
          class="css-1oe1md6"
        />
        <div
          class="css-1oe1md6"
        />
        <div
          class="css-1oe1md6"
        />
        <div
          class="css-1oe1md6"
        />
        <div
          class="css-1oe1md6"
        />
        <div
          class="css-1oe1md6"
        />
        <div
          class="css-1oe1md6"
        />
        <div
          class="css-1oe1md6"
        />
        <div
          class="css-1oe1md6"
        />
        <div
          class="css-1oe1md6"
        />
        <div
          class="css-1oe1md6"
        />
        <div
          class="css-1oe1md6"
        />
        <div
          class="css-1oe1md6"
        />
        <div
          class="css-1oe1md6"
        />
        <div
          class="css-1oe1md6"
        />
        <div
          class="css-1oe1md6"
        />
        <div
          class="css-1oe1md6"
        />
        <div
          class="css-1oe1md6"
        />
        <div
          class="css-1oe1md6"
        />
        <div
          class="css-1oe1md6"
        />
        <div
          class="css-1oe1md6"
        />
        <div
          class="css-1oe1md6"
        />
        <div
          class="css-1oe1md6"
        />
        <div
          class="css-1oe1md6"
        />
        <div
          class="css-1oe1md6"
        />
        <div
          class="css-1oe1md6"
        />
        <div
          class="css-1oe1md6"
        />
        <div
          class="css-1oe1md6"
        />
        <div
          class="css-1oe1md6"
        />
        <div
          class="css-1oe1md6"
        />
        <div
          class="css-1oe1md6"
        />
        <div
          class="css-1oe1md6"
        />
        <div
          class="css-1oe1md6"
        />
        <div
          class="css-1oe1md6"
        />
        <div
          class="css-1oe1md6"
        />
        <div
          class="css-1oe1md6"
        />
        <div
          class="css-1oe1md6"
        />
        <div
          class="css-1oe1md6"
        />
        <div
          class="css-1oe1md6"
        />
        <div
          class="css-1oe1md6"
        />
        <div
          class="css-1oe1md6"
        />
        <div
          class="css-1oe1md6"
        />
        <div
          class="css-1oe1md6"
        />
        <div
          class="css-1oe1md6"
        />
        <div
          class="css-1oe1md6"
        />
        <div
          class="css-1oe1md6"
        />
        <div
          class="css-1oe1md6"
        />
        <div
          class="css-1oe1md6"
        />
        <div
          class="css-1oe1md6"
        />
        <div
          class="css-1oe1md6"
        />
        <div
          class="css-1oe1md6"
        />
        <div
          class="css-1oe1md6"
        />
        <div
          class="css-1oe1md6"
        />
        <div
          class="css-1oe1md6"
        />
        <div
          class="css-1oe1md6"
        />
        <div
          class="css-1oe1md6"
        />
        <div
          class="css-1oe1md6"
        />
        <div
          class="css-1oe1md6"
        />
        <div
          class="css-1oe1md6"
        />
        <div
          class="css-1oe1md6"
        />
        <div
          class="css-1oe1md6"
        />
        <div
          class="css-1oe1md6"
        />
        <div
          class="css-1oe1md6"
        />
        <div
          class="css-1oe1md6"
        />
        <div
          class="css-1oe1md6"
        />
        <div
          class="css-1oe1md6"
        />
        <div
          class="css-1oe1md6"
        />
        <div
          class="css-1oe1md6"
        />
        <div
          class="css-1oe1md6"
        />
        <div
          class="css-1oe1md6"
        />
        <div
          class="css-1oe1md6"
        />
        <div
          class="css-1oe1md6"
        />
        <div
          class="css-1oe1md6"
        />
        <div
          class="css-1oe1md6"
        />
        <div
          class="css-1oe1md6"
        />
        <div
          class="css-1oe1md6"
        />
        <div
          class="css-1oe1md6"
        />
        <div
          class="css-1oe1md6"
        />
        <div
          class="css-1oe1md6"
        />
        <div
          class="css-1oe1md6"
        />
        <div
          class="css-1oe1md6"
        />
        <div
          class="css-1oe1md6"
        />
        <div
          class="css-1oe1md6"
        />
        <div
          class="css-1oe1md6"
        />
        <div
          class="css-1oe1md6"
        />
        <div
          class="css-1oe1md6"
        />
        <div
          class="css-1oe1md6"
        />
        <div
          class="css-1oe1md6"
        />
        <div
          class="css-1oe1md6"
        />
        <div
          class="css-1oe1md6"
        />
        <div
          class="css-1oe1md6"
        />
        <div
          class="css-1oe1md6"
        />
        <div
          class="css-1oe1md6"
        />
        <div
          class="css-1oe1md6"
        />
        <div
          class="css-1oe1md6"
        />
        <div
          class="css-1oe1md6"
        />
        <div
          class="css-1oe1md6"
        />
        <div
          class="css-1oe1md6"
        />
        <div
          class="css-1oe1md6"
        />
        <div
          class="css-1oe1md6"
        />
        <div
          class="css-1oe1md6"
        />
        <div
          class="css-1oe1md6"
        />
        <div
          class="css-1oe1md6"
        />
        <div
          class="css-1oe1md6"
        />
        <div
          class="css-1oe1md6"
        />
        <div
          class="css-1oe1md6"
        />
        <div
          class="css-1oe1md6"
        />
        <div
          class="css-1oe1md6"
        />
        <div
          class="css-1oe1md6"
        />
        <div
          class="css-1oe1md6"
        />
        <div
          class="css-1oe1md6"
        />
        <div
          class="css-1oe1md6"
        />
        <div
          class="css-1oe1md6"
        />
        <div
          class="css-1oe1md6"
        />
        <div
          class="css-1oe1md6"
        />
        <div
          class="css-1oe1md6"
        />
        <div
          class="css-1oe1md6"
        />
        <div
          class="css-1oe1md6"
        />
        <div
          class="css-1oe1md6"
        />
        <div
          class="css-1oe1md6"
        />
        <div
          class="css-1oe1md6"
        />
        <div
          class="css-1oe1md6"
        />
        <div
          class="css-1oe1md6"
        />
        <div
          class="css-1oe1md6"
        />
        <div
          class="css-1oe1md6"
        />
        <div
          class="css-1oe1md6"
        />
        <div
          class="css-1oe1md6"
        />
        <div
          class="css-1oe1md6"
        />
        <div
          class="css-1oe1md6"
        />
        <div
          class="css-1oe1md6"
        />
        <div
          class="css-1oe1md6"
        />
        <div
          class="css-1oe1md6"
        />
        <div
          class="css-1oe1md6"
        />
        <div
          class="css-1oe1md6"
        />
        <div
          class="css-1oe1md6"
        />
        <div
          class="css-1oe1md6"
        />
        <div
          class="css-1oe1md6"
        />
        <div
          class="css-1oe1md6"
        />
        <div
          class="css-1oe1md6"
        />
        <div
          class="css-1oe1md6"
        />
        <div
          class="css-1oe1md6"
        />
        <div
          class="css-1oe1md6"
        />
        <div
          class="css-1oe1md6"
        />
        <div
          class="css-1oe1md6"
        />
        <div
          class="css-1oe1md6"
        />
        <div
          class="css-1oe1md6"
        />
        <div
          class="css-1oe1md6"
        />
        <div
          class="css-1oe1md6"
        />
        <div
          class="css-1oe1md6"
        />
        <div
          class="css-1oe1md6"
        />
        <div
          class="css-1oe1md6"
        />
        <div
          class="css-1oe1md6"
        />
        <div
          class="css-1oe1md6"
        />
        <div
          class="css-1oe1md6"
        />
        <div
          class="css-1oe1md6"
        />
        <div
          class="css-1oe1md6"
        />
        <div
          class="css-1oe1md6"
        />
        <div
          class="css-1oe1md6"
        />
        <div
          class="css-1oe1md6"
        />
        <div
          class="css-1oe1md6"
        />
        <div
          class="css-1oe1md6"
        />
        <div
          class="css-1oe1md6"
        />
        <div
          class="css-1oe1md6"
        />
        <div
          class="css-1oe1md6"
        />
        <div
          class="css-1oe1md6"
        />
        <div
          class="css-1oe1md6"
        />
        <div
          class="css-1oe1md6"
        />
        <div
          class="css-1oe1md6"
        />
        <div
          class="css-1oe1md6"
        />
        <div
          class="css-1oe1md6"
        />
        <div
          class="css-1oe1md6"
        />
        <div
          class="css-1oe1md6"
        />
        <div
          class="css-1oe1md6"
        />
        <div
          class="css-1oe1md6"
        />
        <div
          class="css-1oe1md6"
        />
        <div
          class="css-1oe1md6"
        />
        <div
          class="css-1oe1md6"
        />
        <div
          class="css-1oe1md6"
        />
        <div
          class="css-1oe1md6"
        />
        <div
          class="css-1oe1md6"
        />
        <div
          class="css-1oe1md6"
        />
        <div
          class="css-1oe1md6"
        />
        <div
          class="css-1oe1md6"
        />
        <div
          class="css-1oe1md6"
        />
        <div
          class="css-1oe1md6"
        />
        <div
          class="css-1oe1md6"
        />
        <div
          class="css-1oe1md6"
        />
        <div
          class="css-1oe1md6"
        />
        <div
          class="css-1oe1md6"
        />
        <div
          class="css-1oe1md6"
        />
        <div
          class="css-1oe1md6"
        />
        <div
          class="css-1oe1md6"
        />
        <div
          class="css-1oe1md6"
        />
        <div
          class="css-1oe1md6"
        />
        <div
          class="css-1oe1md6"
        />
        <div
          class="css-1oe1md6"
        />
        <div
          class="css-1oe1md6"
        />
        <div
          class="css-1oe1md6"
        />
        <div
          class="css-1oe1md6"
        />
        <div
          class="css-1oe1md6"
        />
        <div
          class="css-1oe1md6"
        />
        <div
          class="css-1oe1md6"
        />
        <div
          class="css-1oe1md6"
        />
        <div
          class="css-1oe1md6"
        />
        <div
          class="css-1oe1md6"
        />
        <div
          class="css-1oe1md6"
        />
        <div
          class="css-1oe1md6"
        />
        <div
          class="css-1oe1md6"
        />
        <div
          class="css-1oe1md6"
        />
        <div
          class="css-1oe1md6"
        />
        <div
          class="css-1oe1md6"
        />
        <div
          class="css-1oe1md6"
        />
        <div
          class="css-1oe1md6"
        />
        <div
          class="css-1oe1md6"
        />
        <div
          class="css-1oe1md6"
        />
        <div
          class="css-1oe1md6"
        />
        <div
          class="css-1oe1md6"
        />
        <div
          class="css-1oe1md6"
        />
        <div
          class="css-1oe1md6"
        />
        <div
          class="css-1oe1md6"
        />
      </div>
    </div>
  </div>
</DocumentFragment>
`;

exports[`ContributionGraph Component matches the successful state snapshot 1`] = `
<DocumentFragment>
  <div
    class="css-1yax49l"
  >
    <h3
      class="css-uyljfj"
    >
      Contribution Graph
    </h3>
    <div
      class="css-zl6176"
    >
      <p
        class="css-nfwjx8"
      >
        487 contributions in the last year
      </p>
      <div
        class="css-10kqyow"
        style="width: 100%; max-width: 100%; overflow: hidden; min-width: 0; contain: inline-size;"
      >
        <div
          class="css-u4nsmq"
          style="max-width: 100%; min-width: 0; overflow: hidden; display: flex; position: relative;"
        >
          <div
            class="css-zpzmf1"
          >
            <div
              class="css-9xugph"
            >
              Mon
            </div>
            <div
              class="css-1po9no3"
            >
              Wed
            </div>
            <div
              class="css-1i59xme"
            >
              Fri
            </div>
          </div>
          <div
            class="css-1cbsg9f"
            style="overflow-x: auto; overflow-y: visible; min-width: 0; max-width: 100%; flex: 1 1 0%; -webkit-overflow-scrolling: touch; contain: inline-size;"
          >
            <div
              class="css-1zugrk"
            />
            <div
              class="css-1czhpwf"
            >
              <div
                class="cell-hidden css-1t1y3sj"
                title="0 contributions on Saturday, November 9, 2024"
              />
              <div
                class="cell-hidden css-1yxd6ga"
                title="0 contributions on Sunday, November 3, 2024"
              />
              <div
                class="cell-hidden css-gejhmy"
                title="1 contribution on Monday, November 4, 2024"
              />
              <div
                class="cell-hidden css-kgnrat"
                title="5 contributions on Tuesday, November 5, 2024"
              />
              <div
                class="cell-hidden css-xxyli9"
                title="0 contributions on Wednesday, November 6, 2024"
              />
              <div
                class="cell-hidden css-1xg28zv"
                title="0 contributions on Thursday, November 7, 2024"
              />
              <div
                class="cell-hidden css-jzgn88"
                title="0 contributions on Friday, November 8, 2024"
              />
            </div>
          </div>
        </div>
      </div>
      <div
        class="css-1ts1diq"
      >
        <div
          class="css-1mkj686"
          component="span"
        >
          Less
        </div>
        <div
          class="css-1amotyw"
        >
          <div
            class="css-uhym38"
          />
          <div
            class="css-1m3a6mn"
          />
          <div
            class="css-nrs6xv"
          />
          <div
            class="css-pd28sq"
          />
          <div
            class="css-6d96ja"
          />
        </div>
        <div
          class="css-8swnhh"
          component="span"
        >
          More
        </div>
      </div>
    </div>
    <style>
      
          @keyframes pulse {
            0%, 100% {
              opacity: 1;
            }
            50% {
              opacity: 0.8;
            }
          }
        
    </style>
  </div>
</DocumentFragment>
`;
