// Jest Snapshot v1, https://jestjs.io/docs/snapshot-testing

exports[`TopTracks Component handles tracks without a 300px image gracefully 1`] = `null`;

exports[`TopTracks Component renders correctly when loading 1`] = `null`;

exports[`TopTracks Component renders correctly with no tracks 1`] = `null`;

exports[`TopTracks Component renders correctly with tracks 1`] = `null`;
