// Jest Snapshot v1, https://jestjs.io/docs/snapshot-testing

exports[`WidgetHeader matches the snapshot 1`] = `
<DocumentFragment>
  <header
    class="css-1m9ypuk"
  >
    <div
      class="css-1fes9xt"
    >
      <h2
        class="css-3756x7"
      >
        Neat & Interesting Widget
      </h2>
      <div
        class="sidebar-content"
      >
        Sidebar
      </div>
    </div>
  </header>
</DocumentFragment>
`;
