// Jest Snapshot v1, https://jestjs.io/docs/snapshot-testing

exports[`WidgetHeader matches the snapshot 1`] = `
<DocumentFragment>
  <header
    class="css-15sdamp"
  >
    <div
      class="css-na0jhk"
    >
      <h2
        class="css-1w2ddu7"
      >
        Neat & Interesting Widget
      </h2>
      <div
        class="sidebar-content"
      >
        Sidebar
      </div>
    </div>
  </header>
</DocumentFragment>
`;
