// Jest Snapshot v1, https://jestjs.io/docs/snapshot-testing

exports[`SteamWidget renders AI summary if present 1`] = `null`;

exports[`SteamWidget renders correctly with sample data 1`] = `null`;

exports[`SteamWidget renders error state (hasFatalError) 1`] = `null`;

exports[`SteamWidget renders loading state 1`] = `null`;

exports[`SteamWidget renders with empty metrics 1`] = `null`;

exports[`SteamWidget renders with empty recentlyPlayedGames and ownedGames 1`] = `null`;
