// Jest Snapshot v1, https://jestjs.io/docs/snapshot-testing

exports[`HomeNavigation Edge cases handles navigation data with undefined home items 1`] = `null`;

exports[`HomeNavigation Edge cases handles navigation items with missing path 1`] = `null`;

exports[`HomeNavigation Edge cases handles navigation items with missing text 1`] = `null`;

exports[`HomeNavigation Edge cases handles server-side rendering when document is not available 1`] = `null`;

exports[`HomeNavigation handles navigation data with empty home items 1`] = `null`;

exports[`HomeNavigation handles navigation data with missing header 1`] = `null`;

exports[`HomeNavigation handles navigation data with null values 1`] = `null`;

exports[`HomeNavigation handles navigation items with complex slug names 1`] = `null`;

exports[`HomeNavigation handles navigation items with discogs slug for icon mapping 1`] = `null`;

exports[`HomeNavigation handles navigation items with missing icon reactIcon 1`] = `null`;

exports[`HomeNavigation matches the snapshot 1`] = `null`;
