// Jest Snapshot v1, https://jestjs.io/docs/snapshot-testing

exports[`Layout matches the snapshot 1`] = `null`;

exports[`Layout renders with audio player hidden state 1`] = `null`;

exports[`Layout renders with audio player visible state 1`] = `null`;

exports[`Layout renders with disableMainWrapper prop 1`] = `null`;

exports[`Layout renders with hideFooter prop 1`] = `null`;

exports[`Layout renders with hideHeader prop 1`] = `null`;
