// Jest Snapshot v1, https://jestjs.io/docs/snapshot-testing

exports[`Media Post renders correctly with a SoundCloud source 1`] = `null`;

exports[`Media Post renders correctly with a YouTube source 1`] = `null`;

exports[`Media Post renders correctly with no media sources 1`] = `null`;

exports[`Media Post renders the Head component with SEO data 1`] = `null`;
