// Jest Snapshot v1, https://jestjs.io/docs/snapshot-testing

exports[`PostCard does not render excerpt when explicitly null 1`] = `null`;

exports[`PostCard does not render excerpt when explicitly undefined 1`] = `null`;

exports[`PostCard matches the snapshot without excerpt 1`] = `null`;

exports[`PostCard renders as image-only recap when isRecap prop is true 1`] = `null`;

exports[`PostCard renders excerpt when provided 1`] = `null`;

exports[`PostCard renders in horizontal layout when horizontal prop is true 1`] = `null`;

exports[`PostCard renders without banner when not provided 1`] = `null`;

exports[`PostCard renders without category when not provided 1`] = `null`;
